<html>
<body>
<pre>
<h1>礦ision Build Log</h1>
<h2>Tool Versions:</h2>
IDE-Version: μVision V5.24.2.0
Copyright (C) 2017 ARM Ltd and ARM Germany GmbH. All rights reserved.
License Information: a 杨, a, LIC=VGXG8-3DK0H-WFMI7-EH80S-78GH2-RGFL8
 
Tool Versions:
Toolchain:       MDK-ARM Plus  Version: 5.24.1
Toolchain Path:  D:\Program Files\Keil5\ARM\ARMCC\Bin
C Compiler:      Armcc.exe V5.06 update 5 (build 528)
Assembler:       Armasm.exe V5.06 update 5 (build 528)
Linker/Locator:  ArmLink.exe V5.06 update 5 (build 528)
Library Manager: ArmAr.exe V5.06 update 5 (build 528)
Hex Converter:   FromElf.exe V5.06 update 5 (build 528)
CPU DLL:         SARMCM3.DLL V5.24.1
Dialog DLL:      DCM.DLL V1.16.0.0
Target DLL:      CMSIS_AGDI.dll V1.28.3.0
Dialog DLL:      TCM.DLL V1.32.0.0
 
<h2>Project:</h2>
d:\Users\杨\Desktop\嵌入式开发试验\实验_7_uCos\实验_7_uCos\HAL_7_uC-OS2_V2.93.01\Projects\MDK-ARM\atk_f103.uvprojx
Project File Date:  05/09/2026

<h2>Output:</h2>
*** Using Compiler 'V5.06 update 5 (build 528)', folder: 'D:\Program Files\Keil5\ARM\ARMCC\Bin'
Build target 'uC-OS2'
compiling tim2.c...
..\..\Drivers\./BSP/TIM2/tim2.h(14): warning:  #1-D: last line of file ends without a newline
  #endif
..\..\Drivers\BSP\TIM2\tim2.c(86): warning:  #1-D: last line of file ends without a newline
  }
..\..\Drivers\BSP\TIM2\tim2.c: 2 warnings, 0 errors
compiling tim3.c...
..\..\Drivers\BSP\TIM3\tim3.c(174): warning:  #1-D: last line of file ends without a newline
  }
..\..\Drivers\BSP\TIM3\tim3.c: 1 warning, 0 errors
compiling beep.c...
..\..\Drivers\BSP\BEEP\beep.c(108): warning:  #1-D: last line of file ends without a newline
  }
..\..\Drivers\BSP\BEEP\beep.c: 1 warning, 0 errors
compiling led.c...
..\..\Drivers\BSP\LED\led.c(113): warning:  #1-D: last line of file ends without a newline
  }
..\..\Drivers\BSP\LED\led.c: 1 warning, 0 errors
compiling adc.c...
..\..\Drivers\./BSP/adc/adc.h(44): warning:  #1-D: last line of file ends without a newline
  #endif /* _ADC_H */
..\..\Drivers\BSP\adc\adc.c: 1 warning, 0 errors
compiling main.c...
..\..\Drivers\BSP/adc/adc.h(44): warning:  #1-D: last line of file ends without a newline
  #endif /* _ADC_H */
..\..\User\main.c(309): warning:  #1-D: last line of file ends without a newline
  }
..\..\User\main.c: 2 warnings, 0 errors
linking...
Program Size: Code=23562 RO-data=934 RW-data=172 ZI-data=10676  
FromELF: creating hex file...
"..\..\Output\atk_f103.axf" - 0 Error(s), 8 Warning(s).

<h2>Software Packages used:</h2>

Package Vendor: Keil
                http://www.keil.com/pack/Keil.STM32F1xx_DFP.2.2.0.pack
                Keil.STM32F1xx_DFP.2.2.0
                STMicroelectronics STM32F1 Series Device Support, Drivers and Examples

<h2>Collection of Component include folders:</h2>
  .\RTE\_uC-OS2
  D:\Program Files\Keil5\ARM\PACK\Keil\STM32F1xx_DFP\2.2.0\Device\Include

<h2>Collection of Component Files used:</h2>
Build Time Elapsed:  00:00:03
</pre>
</body>
</html>
