Component: ARM Compiler 5.06 update 5 (build 528) Tool: armlink [4d35e2]

==============================================================================

Section Cross References

    startup_stm32f103xe.o(STACK) refers (Special) to heapauxi.o(.text) for __use_two_region_memory
    startup_stm32f103xe.o(HEAP) refers (Special) to heapauxi.o(.text) for __use_two_region_memory
    startup_stm32f103xe.o(RESET) refers (Special) to heapauxi.o(.text) for __use_two_region_memory
    startup_stm32f103xe.o(RESET) refers to startup_stm32f103xe.o(STACK) for __initial_sp
    startup_stm32f103xe.o(RESET) refers to startup_stm32f103xe.o(.text) for Reset_Handler
    startup_stm32f103xe.o(RESET) refers to stm32f1xx_it.o(i.NMI_Handler) for NMI_Handler
    startup_stm32f103xe.o(RESET) refers to stm32f1xx_it.o(i.HardFault_Handler) for HardFault_Handler
    startup_stm32f103xe.o(RESET) refers to stm32f1xx_it.o(i.MemManage_Handler) for MemManage_Handler
    startup_stm32f103xe.o(RESET) refers to stm32f1xx_it.o(i.BusFault_Handler) for BusFault_Handler
    startup_stm32f103xe.o(RESET) refers to stm32f1xx_it.o(i.UsageFault_Handler) for UsageFault_Handler
    startup_stm32f103xe.o(RESET) refers to stm32f1xx_it.o(i.SVC_Handler) for SVC_Handler
    startup_stm32f103xe.o(RESET) refers to stm32f1xx_it.o(i.DebugMon_Handler) for DebugMon_Handler
    startup_stm32f103xe.o(RESET) refers to os_cpu_a.o(.text) for OS_CPU_PendSVHandler
    startup_stm32f103xe.o(RESET) refers to delay.o(i.SysTick_Handler) for SysTick_Handler
    startup_stm32f103xe.o(RESET) refers to tim2.o(i.TIM2_IRQHandler) for TIM2_IRQHandler
    startup_stm32f103xe.o(RESET) refers to tim3.o(i.TIM3_IRQHandler) for TIM3_IRQHandler
    startup_stm32f103xe.o(RESET) refers to usart.o(i.USART1_IRQHandler) for USART1_IRQHandler
    startup_stm32f103xe.o(.text) refers (Special) to heapauxi.o(.text) for __use_two_region_memory
    startup_stm32f103xe.o(.text) refers to system_stm32f1xx.o(i.SystemInit) for SystemInit
    startup_stm32f103xe.o(.text) refers to __main.o(!!!main) for __main
    startup_stm32f103xe.o(.text) refers to startup_stm32f103xe.o(HEAP) for Heap_Mem
    startup_stm32f103xe.o(.text) refers to startup_stm32f103xe.o(STACK) for Stack_Mem
    main.o(i.ProcessCommand) refers to _printf_percent.o(.ARM.Collect$$_printf_percent$$00000000) for _printf_percent
    main.o(i.ProcessCommand) refers to _printf_f.o(.ARM.Collect$$_printf_percent$$00000003) for _printf_f
    main.o(i.ProcessCommand) refers to printf1.o(x$fpl$printf1) for _printf_fp_dec
    main.o(i.ProcessCommand) refers to _printf_d.o(.ARM.Collect$$_printf_percent$$00000009) for _printf_d
    main.o(i.ProcessCommand) refers to _printf_dec.o(.text) for _printf_int_dec
    main.o(i.ProcessCommand) refers to noretval__2printf.o(.text) for __2printf
    main.o(i.ProcessCommand) refers to f2d.o(x$fpl$f2d) for __aeabi_f2d
    main.o(i.ProcessCommand) refers to delay.o(i.delay_ms) for delay_ms
    main.o(i.ProcessCommand) refers to sys.o(i.sys_soft_reset) for sys_soft_reset
    main.o(i.ProcessCommand) refers to main.o(.data) for .data
    main.o(i.SystemHardwareInit) refers to stm32f1xx_hal.o(i.HAL_Init) for HAL_Init
    main.o(i.SystemHardwareInit) refers to sys.o(i.sys_stm32_clock_init) for sys_stm32_clock_init
    main.o(i.SystemHardwareInit) refers to delay.o(i.delay_init) for delay_init
    main.o(i.SystemHardwareInit) refers to led.o(i.LED_Init) for LED_Init
    main.o(i.SystemHardwareInit) refers to usart.o(i.usart_init) for usart_init
    main.o(i.SystemHardwareInit) refers to adc.o(i.TemperatureAndLightAdcInit) for TemperatureAndLightAdcInit
    main.o(i.SystemHardwareInit) refers to adc.o(i.Adc1Init) for Adc1Init
    main.o(i.SystemHardwareInit) refers to adc.o(i.Adc2Init) for Adc2Init
    main.o(i.SystemHardwareInit) refers to tilt.o(i.TILT_Init) for TILT_Init
    main.o(i.SystemHardwareInit) refers to beep.o(i.beep_init) for beep_init
    main.o(i.SystemHardwareInit) refers to key.o(i.KEY_Init) for KEY_Init
    main.o(i.SystemHardwareInit) refers to tim3.o(i.gtim_timx_int_init) for gtim_timx_int_init
    main.o(i.SystemHardwareInit) refers to noretval__2printf.o(.text) for __2printf
    main.o(i.TaskAdc) refers to _printf_percent.o(.ARM.Collect$$_printf_percent$$00000000) for _printf_percent
    main.o(i.TaskAdc) refers to _printf_d.o(.ARM.Collect$$_printf_percent$$00000009) for _printf_d
    main.o(i.TaskAdc) refers to _printf_f.o(.ARM.Collect$$_printf_percent$$00000003) for _printf_f
    main.o(i.TaskAdc) refers to _printf_dec.o(.text) for _printf_int_dec
    main.o(i.TaskAdc) refers to printf1.o(x$fpl$printf1) for _printf_fp_dec
    main.o(i.TaskAdc) refers to noretval__2printf.o(.text) for __2printf
    main.o(i.TaskAdc) refers to adc.o(i.GetTemperature) for GetTemperature
    main.o(i.TaskAdc) refers to adc.o(i.GetLightAdc) for GetLightAdc
    main.o(i.TaskAdc) refers to f2d.o(x$fpl$f2d) for __aeabi_f2d
    main.o(i.TaskAdc) refers to os_time.o(i.OSTimeDlyHMSM) for OSTimeDlyHMSM
[...]
    _terminate_user_alloc                     - Undefined Weak Reference
    _terminateio                              - Undefined Weak Reference
    __Vectors_Size                           0x00000130   Number         0  startup_stm32f103xe.o ABSOLUTE
    __Vectors                                0x08000000   Data           4  startup_stm32f103xe.o(RESET)
    __Vectors_End                            0x08000130   Data           0  startup_stm32f103xe.o(RESET)
    __main                                   0x08000131   Thumb Code     8  __main.o(!!!main)
    __scatterload                            0x08000139   Thumb Code     0  __scatter.o(!!!scatter)
    __scatterload_rt2                        0x08000139   Thumb Code    44  __scatter.o(!!!scatter)
    __scatterload_rt2_thumb_only             0x08000139   Thumb Code     0  __scatter.o(!!!scatter)
    __scatterload_null                       0x08000147   Thumb Code     0  __scatter.o(!!!scatter)
    __scatterload_copy                       0x0800016d   Thumb Code    26  __scatter_copy.o(!!handler_copy)
    __scatterload_zeroinit                   0x08000189   Thumb Code    28  __scatter_zi.o(!!handler_zi)
    _printf_f                                0x080001a5   Thumb Code     0  _printf_f.o(.ARM.Collect$$_printf_percent$$00000003)
    _printf_percent                          0x080001a5   Thumb Code     0  _printf_percent.o(.ARM.Collect$$_printf_percent$$00000000)
    _printf_d                                0x080001ab   Thumb Code     0  _printf_d.o(.ARM.Collect$$_printf_percent$$00000009)
    _printf_percent_end                      0x080001b1   Thumb Code     0  _printf_percent_end.o(.ARM.Collect$$_printf_percent$$00000017)
    __rt_lib_init                            0x080001b5   Thumb Code     0  libinit.o(.ARM.Collect$$libinit$$00000000)
    __rt_lib_init_fp_1                       0x080001b7   Thumb Code     0  libinit2.o(.ARM.Collect$$libinit$$00000002)
    __rt_lib_init_heap_1                     0x080001b7   Thumb Code     0  libinit2.o(.ARM.Collect$$libinit$$0000000A)
    __rt_lib_init_lc_common                  0x080001b7   Thumb Code     0  libinit2.o(.ARM.Collect$$libinit$$0000000F)
    __rt_lib_init_preinit_1                  0x080001b7   Thumb Code     0  libinit2.o(.ARM.Collect$$libinit$$00000004)
    __rt_lib_init_rand_1                     0x080001b7   Thumb Code     0  libinit2.o(.ARM.Collect$$libinit$$0000000E)
    __rt_lib_init_user_alloc_1               0x080001b7   Thumb Code     0  libinit2.o(.ARM.Collect$$libinit$$0000000C)
    __rt_lib_init_lc_collate_1               0x080001bd   Thumb Code     0  libinit2.o(.ARM.Collect$$libinit$$00000011)
    __rt_lib_init_lc_ctype_1                 0x080001bd   Thumb Code     0  libinit2.o(.ARM.Collect$$libinit$$00000013)
    __rt_lib_init_lc_monetary_1              0x080001bd   Thumb Code     0  libinit2.o(.ARM.Collect$$libinit$$00000015)
    __rt_lib_init_lc_numeric_2               0x080001bd   Thumb Code     0  libinit2.o(.ARM.Collect$$libinit$$00000016)
    __rt_lib_init_alloca_1                   0x080001c7   Thumb Code     0  libinit2.o(.ARM.Collect$$libinit$$0000002E)
    __rt_lib_init_argv_1                     0x080001c7   Thumb Code     0  libinit2.o(.ARM.Collect$$libinit$$0000002C)
    __rt_lib_init_atexit_1                   0x080001c7   Thumb Code     0  libinit2.o(.ARM.Collect$$libinit$$0000001B)
    __rt_lib_init_clock_1                    0x080001c7   Thumb Code     0  libinit2.o(.ARM.Collect$$libinit$$00000021)
    __rt_lib_init_cpp_1                      0x080001c7   Thumb Code     0  libinit2.o(.ARM.Collect$$libinit$$00000032)
    __rt_lib_init_exceptions_1               0x080001c7   Thumb Code     0  libinit2.o(.ARM.Collect$$libinit$$00000030)
    __rt_lib_init_fp_trap_1                  0x080001c7   Thumb Code     0  libinit2.o(.ARM.Collect$$libinit$$0000001F)
    __rt_lib_init_getenv_1                   0x080001c7   Thumb Code     0  libinit2.o(.ARM.Collect$$libinit$$00000023)
    __rt_lib_init_lc_numeric_1               0x080001c7   Thumb Code     0  libinit2.o(.ARM.Collect$$libinit$$00000017)
    __rt_lib_init_lc_time_1                  0x080001c7   Thumb Code     0  libinit2.o(.ARM.Collect$$libinit$$00000019)
    __rt_lib_init_return                     0x080001c7   Thumb Code     0  libinit2.o(.ARM.Collect$$libinit$$00000033)
    __rt_lib_init_signal_1                   0x080001c7   Thumb Code     0  libinit2.o(.ARM.Collect$$libinit$$0000001D)
    __rt_lib_init_stdio_1                    0x080001c7   Thumb Code     0  libinit2.o(.ARM.Collect$$libinit$$00000025)
    __rt_lib_shutdown                        0x080001c9   Thumb Code     0  libshutdown.o(.ARM.Collect$$libshutdown$$00000000)
    __rt_lib_shutdown_cpp_1                  0x080001cb   Thumb Code     0  libshutdown2.o(.ARM.Collect$$libshutdown$$00000002)
    __rt_lib_shutdown_fp_trap_1              0x080001cb   Thumb Code     0  libshutdown2.o(.ARM.Collect$$libshutdown$$00000007)
    __rt_lib_shutdown_heap_1                 0x080001cb   Thumb Code     0  libshutdown2.o(.ARM.Collect$$libshutdown$$0000000F)
    __rt_lib_shutdown_return                 0x080001cb   Thumb Code     0  libshutdown2.o(.ARM.Collect$$libshutdown$$00000010)
    __rt_lib_shutdown_signal_1               0x080001cb   Thumb Code     0  libshutdown2.o(.ARM.Collect$$libshutdown$$0000000A)
    __rt_lib_shutdown_stdio_1                0x080001cb   Thumb Code     0  libshutdown2.o(.ARM.Collect$$libshutdown$$00000004)
    __rt_lib_shutdown_user_alloc_1           0x080001cb   Thumb Code     0  libshutdown2.o(.ARM.Collect$$libshutdown$$0000000C)
    __rt_entry                               0x080001cd   Thumb Code     0  __rtentry.o(.ARM.Collect$$rtentry$$00000000)
    __rt_entry_presh_1                       0x080001cd   Thumb Code     0  __rtentry2.o(.ARM.Collect$$rtentry$$00000002)
    __rt_entry_sh                            0x080001cd   Thumb Code     0  __rtentry4.o(.ARM.Collect$$rtentry$$00000004)
    __rt_entry_li                            0x080001d3   Thumb Code     0  __rtentry2.o(.ARM.Collect$$rtentry$$0000000A)
    __rt_entry_postsh_1                      0x080001d3   Thumb Code     0  __rtentry2.o(.ARM.Collect$$rtentry$$00000009)
    __rt_entry_main                          0x080001d7   Thumb Code     0  __rtentry2.o(.ARM.Collect$$rtentry$$0000000D)
    __rt_entry_postli_1                      0x080001d7   Thumb Code     0  __rtentry2.o(.ARM.Collect$$rtentry$$0000000C)
    __rt_exit                                0x080001df   Thumb Code     0  rtexit.o(.ARM.Collect$$rtexit$$00000000)
    __rt_exit_ls                             0x080001e1   Thumb Code     0  rtexit2.o(.ARM.Collect$$rtexit$$00000003)
    __rt_exit_prels_1                        0x080001e1   Thumb Code     0  rtexit2.o(.ARM.Collect$$rtexit$$00000002)
    __rt_exit_exit                           0x080001e5   Thumb Code     0  rtexit2.o(.ARM.Collect$$rtexit$$00000004)
    Reset_Handler                            0x080001ed   Thumb Code     8  startup_stm32f103xe.o(.text)
    ADC1_2_IRQHandler                        0x08000207   Thumb Code     0  startup_stm32f103xe.o(.text)
    ADC3_IRQHandler                          0x08000207   Thumb Code     0  startup_stm32f103xe.o(.text)
    CAN1_RX1_IRQHandler                      0x08000207   Thumb Code     0  startup_stm32f103xe.o(.text)
    CAN1_SCE_IRQHandler                      0x08000207   Thumb Code     0  startup_stm32f103xe.o(.text)
    DMA1_Channel1_IRQHandler                 0x08000207   Thumb Code     0  startup_stm32f103xe.o(.text)
    DMA1_Channel2_IRQHandler                 0x08000207   Thumb Code     0  startup_stm32f103xe.o(.text)
    DMA1_Channel3_IRQHandler                 0x08000207   Thumb Code     0  startup_stm32f103xe.o(.text)
    DMA1_Channel4_IRQHandler                 0x08000207   Thumb Code     0  startup_stm32f103xe.o(.text)
    DMA1_Channel5_IRQHandler                 0x08000207   Thumb Code     0  startup_stm32f103xe.o(.text)
    DMA1_Channel6_IRQHandler                 0x08000207   Thumb Code     0  startup_stm32f103xe.o(.text)
    DMA1_Channel7_IRQHandler                 0x08000207   Thumb Code     0  startup_stm32f103xe.o(.text)
    DMA2_Channel1_IRQHandler                 0x08000207   Thumb Code     0  startup_stm32f103xe.o(.text)
    DMA2_Channel2_IRQHandler                 0x08000207   Thumb Code     0  startup_stm32f103xe.o(.text)
    DMA2_Channel3_IRQHandler                 0x08000207   Thumb Code     0  startup_stm32f103xe.o(.text)
    DMA2_Channel4_5_IRQHandler               0x08000207   Thumb Code     0  startup_stm32f103xe.o(.text)
    EXTI0_IRQHandler                         0x08000207   Thumb Code     0  startup_stm32f103xe.o(.text)
    EXTI15_10_IRQHandler                     0x08000207   Thumb Code     0  startup_stm32f103xe.o(.text)
    EXTI1_IRQHandler                         0x08000207   Thumb Code     0  startup_stm32f103xe.o(.text)
    EXTI2_IRQHandler                         0x08000207   Thumb Code     0  startup_stm32f103xe.o(.text)
    EXTI3_IRQHandler                         0x08000207   Thumb Code     0  startup_stm32f103xe.o(.text)
    EXTI4_IRQHandler                         0x08000207   Thumb Code     0  startup_stm32f103xe.o(.text)
    EXTI9_5_IRQHandler                       0x08000207   Thumb Code     0  startup_stm32f103xe.o(.text)
    FLASH_IRQHandler                         0x08000207   Thumb Code     0  startup_stm32f103xe.o(.text)
    FSMC_IRQHandler                          0x08000207   Thumb Code     0  startup_stm32f103xe.o(.text)
    I2C1_ER_IRQHandler                       0x08000207   Thumb Code     0  startup_stm32f103xe.o(.text)
    I2C1_EV_IRQHandler                       0x08000207   Thumb Code     0  startup_stm32f103xe.o(.text)
    I2C2_ER_IRQHandler                       0x08000207   Thumb Code     0  startup_stm32f103xe.o(.text)
    I2C2_EV_IRQHandler                       0x08000207   Thumb Code     0  startup_stm32f103xe.o(.text)
    PVD_IRQHandler                           0x08000207   Thumb Code     0  startup_stm32f103xe.o(.text)
    RCC_IRQHandler                           0x08000207   Thumb Code     0  startup_stm32f103xe.o(.text)
    RTC_Alarm_IRQHandler                     0x08000207   Thumb Code     0  startup_stm32f103xe.o(.text)
    RTC_IRQHandler                           0x08000207   Thumb Code     0  startup_stm32f103xe.o(.text)
    SDIO_IRQHandler                          0x08000207   Thumb Code     0  startup_stm32f103xe.o(.text)
    SPI1_IRQHandler                          0x08000207   Thumb Code     0  startup_stm32f103xe.o(.text)
    SPI2_IRQHandler                          0x08000207   Thumb Code     0  startup_stm32f103xe.o(.text)
    SPI3_IRQHandler                          0x08000207   Thumb Code     0  startup_stm32f103xe.o(.text)
    TAMPER_IRQHandler                        0x08000207   Thumb Code     0  startup_stm32f103xe.o(.text)
    TIM1_BRK_IRQHandler                      0x08000207   Thumb Code     0  startup_stm32f103xe.o(.text)
    TIM1_CC_IRQHandler                       0x08000207   Thumb Code     0  startup_stm32f103xe.o(.text)
    TIM1_TRG_COM_IRQHandler                  0x08000207   Thumb Code     0  startup_stm32f103xe.o(.text)
    TIM1_UP_IRQHandler                       0x08000207   Thumb Code     0  startup_stm32f103xe.o(.text)
    TIM4_IRQHandler                          0x08000207   Thumb Code     0  startup_stm32f103xe.o(.text)
    TIM5_IRQHandler                          0x08000207   Thumb Code     0  startup_stm32f103xe.o(.text)
    TIM6_IRQHandler                          0x08000207   Thumb Code     0  startup_stm32f103xe.o(.text)
    TIM7_IRQHandler                          0x08000207   Thumb Code     0  startup_stm32f103xe.o(.text)
    TIM8_BRK_IRQHandler                      0x08000207   Thumb Code     0  startup_stm32f103xe.o(.text)
    TIM8_CC_IRQHandler                       0x08000207   Thumb Code     0  startup_stm32f103xe.o(.text)
    TIM8_TRG_COM_IRQHandler                  0x08000207   Thumb Code     0  startup_stm32f103xe.o(.text)
    TIM8_UP_IRQHandler                       0x08000207   Thumb Code     0  startup_stm32f103xe.o(.text)
    UART4_IRQHandler                         0x08000207   Thumb Code     0  startup_stm32f103xe.o(.text)
    UART5_IRQHandler                         0x08000207   Thumb Code     0  startup_stm32f103xe.o(.text)
    USART2_IRQHandler                        0x08000207   Thumb Code     0  startup_stm32f103xe.o(.text)
    USART3_IRQHandler                        0x08000207   Thumb Code     0  startup_stm32f103xe.o(.text)
    USBWakeUp_IRQHandler                     0x08000207   Thumb Code     0  startup_stm32f103xe.o(.text)
    USB_HP_CAN1_TX_IRQHandler                0x08000207   Thumb Code     0  startup_stm32f103xe.o(.text)
    USB_LP_CAN1_RX0_IRQHandler               0x08000207   Thumb Code     0  startup_stm32f103xe.o(.text)
    WWDG_IRQHandler                          0x08000207   Thumb Code     0  startup_stm32f103xe.o(.text)
    __user_initial_stackheap                 0x08000209   Thumb Code     0  startup_stm32f103xe.o(.text)
    OS_CPU_SR_Save                           0x0800022d   Thumb Code     0  os_cpu_a.o(.text)
    OS_CPU_SR_Restore                        0x08000249   Thumb Code     0  os_cpu_a.o(.text)
    OSStartHighRdy                           0x0800025b   Thumb Code     0  os_cpu_a.o(.text)
    OSCtxSw                                  0x080002b3   Thumb Code     0  os_cpu_a.o(.text)
    OSIntCtxSw                               0x080002b3   Thumb Code     0  os_cpu_a.o(.text)
    OS_CPU_PendSVHandler                     0x080002bd   Thumb Code     0  os_cpu_a.o(.text)
    __use_no_semihosting                     0x08000341   Thumb Code     2  use_no_semi_2.o(.text)
    __2printf                                0x08000345   Thumb Code    20  noretval__2printf.o(.text)
    _printf_int_dec                          0x0800035d   Thumb Code   104  _printf_dec.o(.text)
    __printf                                 0x080003d5   Thumb Code   270  __printf_wp.o(.text)
    __aeabi_memclr4                          0x080004e3   Thumb Code     0  rt_memclr_w.o(.text)
    __aeabi_memclr8                          0x080004e3   Thumb Code     0  rt_memclr_w.o(.text)
    __rt_memclr_w                            0x080004e3   Thumb Code    78  rt_memclr_w.o(.text)
    _memset_w                                0x080004e7   Thumb Code     0  rt_memclr_w.o(.text)
    __use_two_region_memory                  0x08000531   Thumb Code     2  heapauxi.o(.text)
    __rt_heap_escrow$2region                 0x08000533   Thumb Code     2  heapauxi.o(.text)
    __rt_heap_expand$2region                 0x08000535   Thumb Code     2  heapauxi.o(.text)
    __semihosting$guard                      0x08000537   Thumb Code     0  use_no_semi.o(.text)
    __use_no_semihosting_swi                 0x08000537   Thumb Code     2  use_no_semi.o(.text)
    __read_errno                             0x08000539   Thumb Code    10  _rserrno.o(.text)
    __set_errno                              0x08000543   Thumb Code    12  _rserrno.o(.text)
    _printf_int_common                       0x0800054f   Thumb Code   178  _printf_intcommon.o(.text)
    __lib_sel_fp_printf                      0x08000601   Thumb Code     2  _printf_fp_dec.o(.text)
    _printf_fp_dec_real                      0x080007b3   Thumb Code   620  _printf_fp_dec.o(.text)
    _printf_char_file                        0x08000a21   Thumb Code    32  _printf_char_file.o(.text)
    __rt_locale                              0x08000a45   Thumb Code     8  rt_locale_intlibspace.o(.text)
    __aeabi_errno_addr                       0x08000a4d   Thumb Code     8  rt_errno_addr_intlibspace.o(.text)
    __errno$intlibspace                      0x08000a4d   Thumb Code     0  rt_errno_addr_intlibspace.o(.text)
    __rt_errno_addr$intlibspace              0x08000a4d   Thumb Code     0  rt_errno_addr_intlibspace.o(.text)
    _ll_udiv10                               0x08000a55   Thumb Code   138  lludiv10.o(.text)
    _printf_char_common                      0x08000aeb   Thumb Code    32  _printf_char_common.o(.text)
    _printf_fp_infnan                        0x08000b11   Thumb Code   112  _printf_fp_infnan.o(.text)
    _btod_etento                             0x08000b91   Thumb Code   224  bigflt0.o(.text)
    ferror                                   0x08000c75   Thumb Code     8  ferror.o(.text)
    __user_libspace                          0x08000c7d   Thumb Code     8  libspace.o(.text)
    __user_perproc_libspace                  0x08000c7d   Thumb Code     0  libspace.o(.text)
    __user_perthread_libspace                0x08000c7d   Thumb Code     0  libspace.o(.text)
    __user_setup_stackheap                   0x08000c85   Thumb Code    74  sys_stackheap_outer.o(.text)
    exit                                     0x08000ccf   Thumb Code    18  exit.o(.text)
    strcmp                                   0x08000ce1   Thumb Code   128  strcmpv7m.o(.text)
    _btod_d2e                                0x08000d61   Thumb Code    62  btod.o(CL$$btod_d2e)
    _d2e_denorm_low                          0x08000d9f   Thumb Code    70  btod.o(CL$$btod_d2e_denorm_low)
    _d2e_norm_op1                            0x08000de5   Thumb Code    96  btod.o(CL$$btod_d2e_norm_op1)
    __btod_div_common                        0x08000e45   Thumb Code   696  btod.o(CL$$btod_div_common)
    _e2e                                     0x0800117d   Thumb Code   220  btod.o(CL$$btod_e2e)
    _btod_ediv                               0x08001259   Thumb Code    42  btod.o(CL$$btod_ediv)
    _btod_emul                               0x08001283   Thumb Code    42  btod.o(CL$$btod_emul)
    __btod_mult_common                       0x080012ad   Thumb Code   580  btod.o(CL$$btod_mult_common)
    Adc1Init                                 0x080014f1   Thumb Code   166  adc.o(i.Adc1Init)
    Adc2Init                                 0x080015a5   Thumb Code   166  adc.o(i.Adc2Init)
    App_TCBInitHook                          0x08001659   Thumb Code     2  app_hooks.o(i.App_TCBInitHook)
    App_TaskCreateHook                       0x0800165b   Thumb Code     2  app_hooks.o(i.App_TaskCreateHook)
    App_TaskDelHook                          0x0800165d   Thumb Code     2  app_hooks.o(i.App_TaskDelHook)
    App_TaskIdleHook                         0x0800165f   Thumb Code     2  app_hooks.o(i.App_TaskIdleHook)
    App_TaskReturnHook                       0x08001661   Thumb Code     2  app_hooks.o(i.App_TaskReturnHook)
    App_TaskStatHook                         0x08001663   Thumb Code     2  app_hooks.o(i.App_TaskStatHook)
    App_TaskSwHook                           0x08001665   Thumb Code     2  app_hooks.o(i.App_TaskSwHook)
    App_TimeTickHook                         0x08001667   Thumb Code     2  app_hooks.o(i.App_TimeTickHook)
    BusFault_Handler                         0x08001669   Thumb Code     2  stm32f1xx_it.o(i.BusFault_Handler)
    DebugMon_Handler                         0x0800166b   Thumb Code     2  stm32f1xx_it.o(i.DebugMon_Handler)
    GetAdc                                   0x0800166d   Thumb Code   108  adc.o(i.GetAdc)
    GetLightAdc                              0x080016e1   Thumb Code     8  adc.o(i.GetLightAdc)
    GetTemperature                           0x080016e9   Thumb Code   154  adc.o(i.GetTemperature)
    GetTemperatureAdc                        0x080017b1   Thumb Code     8  adc.o(i.GetTemperatureAdc)
    HAL_DMA_Abort_IT                         0x080017b9   Thumb Code   328  stm32f1xx_hal_dma.o(i.HAL_DMA_Abort_IT)
    HAL_GPIO_Init                            0x08001909   Thumb Code   492  stm32f1xx_hal_gpio.o(i.HAL_GPIO_Init)
    HAL_GPIO_ReadPin                         0x08001b1d   Thumb Code    14  stm32f1xx_hal_gpio.o(i.HAL_GPIO_ReadPin)
    HAL_GPIO_TogglePin                       0x08001b2b   Thumb Code    16  stm32f1xx_hal_gpio.o(i.HAL_GPIO_TogglePin)
    HAL_GPIO_WritePin                        0x08001b3b   Thumb Code    14  stm32f1xx_hal_gpio.o(i.HAL_GPIO_WritePin)
    HAL_GetTick                              0x08001b49   Thumb Code     6  stm32f1xx_hal.o(i.HAL_GetTick)
    HAL_IncTick                              0x08001b55   Thumb Code    12  stm32f1xx_hal.o(i.HAL_IncTick)
    HAL_Init                                 0x08001b65   Thumb Code    32  stm32f1xx_hal.o(i.HAL_Init)
    HAL_InitTick                             0x08001b89   Thumb Code    58  stm32f1xx_hal.o(i.HAL_InitTick)
    HAL_MspInit                              0x08001bcd   Thumb Code     2  stm32f1xx_hal.o(i.HAL_MspInit)
    HAL_NVIC_EnableIRQ                       0x08001bcf   Thumb Code    26  stm32f1xx_hal_cortex.o(i.HAL_NVIC_EnableIRQ)
    HAL_NVIC_SetPriority                     0x08001be9   Thumb Code    60  stm32f1xx_hal_cortex.o(i.HAL_NVIC_SetPriority)
    HAL_NVIC_SetPriorityGrouping             0x08001c29   Thumb Code    26  stm32f1xx_hal_cortex.o(i.HAL_NVIC_SetPriorityGrouping)
    HAL_RCC_ClockConfig                      0x08001c4d   Thumb Code   318  stm32f1xx_hal_rcc.o(i.HAL_RCC_ClockConfig)
    HAL_RCC_GetHCLKFreq                      0x08001da1   Thumb Code     6  stm32f1xx_hal_rcc.o(i.HAL_RCC_GetHCLKFreq)
    HAL_RCC_GetPCLK1Freq                     0x08001dad   Thumb Code    22  stm32f1xx_hal_rcc.o(i.HAL_RCC_GetPCLK1Freq)
    HAL_RCC_GetPCLK2Freq                     0x08001dcd   Thumb Code    22  stm32f1xx_hal_rcc.o(i.HAL_RCC_GetPCLK2Freq)
    HAL_RCC_GetSysClockFreq                  0x08001ded   Thumb Code    82  stm32f1xx_hal_rcc.o(i.HAL_RCC_GetSysClockFreq)
    HAL_RCC_OscConfig                        0x08001e61   Thumb Code   882  stm32f1xx_hal_rcc.o(i.HAL_RCC_OscConfig)
    HAL_SYSTICK_Config                       0x080021e5   Thumb Code    40  stm32f1xx_hal_cortex.o(i.HAL_SYSTICK_Config)
    HAL_TIMEx_BreakCallback                  0x0800220d   Thumb Code     2  stm32f1xx_hal_tim_ex.o(i.HAL_TIMEx_BreakCallback)
    HAL_TIMEx_CommutCallback                 0x0800220f   Thumb Code     2  stm32f1xx_hal_tim_ex.o(i.HAL_TIMEx_CommutCallback)
    HAL_TIM_Base_Init                        0x08002211   Thumb Code    74  stm32f1xx_hal_tim.o(i.HAL_TIM_Base_Init)
    HAL_TIM_Base_MspInit                     0x0800225b   Thumb Code     2  stm32f1xx_hal_tim.o(i.HAL_TIM_Base_MspInit)
    HAL_TIM_Base_Start_IT                    0x0800225d   Thumb Code    98  stm32f1xx_hal_tim.o(i.HAL_TIM_Base_Start_IT)
    HAL_TIM_Base_Stop_IT                     0x080022d5   Thumb Code    48  stm32f1xx_hal_tim.o(i.HAL_TIM_Base_Stop_IT)
    HAL_TIM_IC_CaptureCallback               0x08002305   Thumb Code     2  stm32f1xx_hal_tim.o(i.HAL_TIM_IC_CaptureCallback)
    HAL_TIM_IRQHandler                       0x08002307   Thumb Code   366  stm32f1xx_hal_tim.o(i.HAL_TIM_IRQHandler)
    HAL_TIM_OC_DelayElapsedCallback          0x08002475   Thumb Code     2  stm32f1xx_hal_tim.o(i.HAL_TIM_OC_DelayElapsedCallback)
    HAL_TIM_PWM_PulseFinishedCallback        0x08002477   Thumb Code     2  stm32f1xx_hal_tim.o(i.HAL_TIM_PWM_PulseFinishedCallback)
    HAL_TIM_PeriodElapsedCallback            0x08002479   Thumb Code    18  beep.o(i.HAL_TIM_PeriodElapsedCallback)
    HAL_TIM_TriggerCallback                  0x08002491   Thumb Code     2  stm32f1xx_hal_tim.o(i.HAL_TIM_TriggerCallback)
    HAL_UART_ErrorCallback                   0x08002493   Thumb Code     2  stm32f1xx_hal_uart.o(i.HAL_UART_ErrorCallback)
    HAL_UART_IRQHandler                      0x08002495   Thumb Code   272  stm32f1xx_hal_uart.o(i.HAL_UART_IRQHandler)
    HAL_UART_Init                            0x080025a9   Thumb Code   100  stm32f1xx_hal_uart.o(i.HAL_UART_Init)
    HAL_UART_MspInit                         0x0800260d   Thumb Code   126  usart.o(i.HAL_UART_MspInit)
    HAL_UART_Receive_IT                      0x08002699   Thumb Code    86  stm32f1xx_hal_uart.o(i.HAL_UART_Receive_IT)
    HAL_UART_RxCpltCallback                  0x080026f1   Thumb Code    96  usart.o(i.HAL_UART_RxCpltCallback)
    HAL_UART_TxCpltCallback                  0x0800275d   Thumb Code     2  stm32f1xx_hal_uart.o(i.HAL_UART_TxCpltCallback)
    HardFault_Handler                        0x0800275f   Thumb Code     2  stm32f1xx_it.o(i.HardFault_Handler)
    IWDG_Feed                                0x08002761   Thumb Code    10  iwdg.o(i.IWDG_Feed)
    KEY_Init                                 0x08002771   Thumb Code    50  key.o(i.KEY_Init)
    LED_Init                                 0x080027ad   Thumb Code   144  led.o(i.LED_Init)
    LedValue                                 0x0800284d   Thumb Code    20  led.o(i.LedValue)
    MemManage_Handler                        0x08002865   Thumb Code     2  stm32f1xx_it.o(i.MemManage_Handler)
    NMI_Handler                              0x08002867   Thumb Code     2  stm32f1xx_it.o(i.NMI_Handler)
    OSDebugInit                              0x08002869   Thumb Code     2  os_dbg.o(i.OSDebugInit)
    OSEventNameSet                           0x0800286d   Thumb Code    80  os_core.o(i.OSEventNameSet)
    OSInit                                   0x080028c1   Thumb Code    58  os_core.o(i.OSInit)
    OSInitHookBegin                          0x080028fd   Thumb Code    34  os_cpu_c.o(i.OSInitHookBegin)
    OSInitHookEnd                            0x0800292d   Thumb Code     2  os_cpu_c.o(i.OSInitHookEnd)
    OSIntEnter                               0x08002931   Thumb Code    20  os_core.o(i.OSIntEnter)
    OSIntExit                                0x08002949   Thumb Code    82  os_core.o(i.OSIntExit)
    OSSchedLock                              0x080029a5   Thumb Code    40  os_core.o(i.OSSchedLock)
    OSSchedUnlock                            0x080029d1   Thumb Code    70  os_core.o(i.OSSchedUnlock)
    OSSemCreate                              0x08002a1d   Thumb Code    62  os_sem.o(i.OSSemCreate)
    OSSemPend                                0x08002a69   Thumb Code   194  os_sem.o(i.OSSemPend)
    OSSemPost                                0x08002b39   Thumb Code    94  os_sem.o(i.OSSemPost)
    OSStart                                  0x08002b99   Thumb Code    38  os_core.o(i.OSStart)
    OSTCBInitHook                            0x08002bc9   Thumb Code     4  os_cpu_c.o(i.OSTCBInitHook)
    OSTaskCreate                             0x08002bcd   Thumb Code   136  os_task.o(i.OSTaskCreate)
    OSTaskCreateExt                          0x08002c61   Thumb Code   156  os_task.o(i.OSTaskCreateExt)
    OSTaskCreateHook                         0x08002d09   Thumb Code     4  os_cpu_c.o(i.OSTaskCreateHook)
    OSTaskDel                                0x08002d0d   Thumb Code   296  os_task.o(i.OSTaskDel)
    OSTaskDelHook                            0x08002e61   Thumb Code     4  os_cpu_c.o(i.OSTaskDelHook)
    OSTaskIdleHook                           0x08002e65   Thumb Code     4  os_cpu_c.o(i.OSTaskIdleHook)
    OSTaskNameSet                            0x08002e69   Thumb Code   110  os_task.o(i.OSTaskNameSet)
    OSTaskReturnHook                         0x08002ee5   Thumb Code     4  os_cpu_c.o(i.OSTaskReturnHook)
    OSTaskStatHook                           0x08002ee9   Thumb Code     4  os_cpu_c.o(i.OSTaskStatHook)
    OSTaskStkChk                             0x08002eed   Thumb Code   136  os_task.o(i.OSTaskStkChk)
    OSTaskStkInit                            0x08002f7d   Thumb Code   102  os_cpu_c.o(i.OSTaskStkInit)
    OSTaskSuspend                            0x08002fe9   Thumb Code   154  os_task.o(i.OSTaskSuspend)
    OSTaskSwHook                             0x08003095   Thumb Code     4  os_cpu_c.o(i.OSTaskSwHook)
    OSTimeDly                                0x08003099   Thumb Code    80  os_time.o(i.OSTimeDly)
    OSTimeDlyHMSM                            0x080030fd   Thumb Code   110  os_time.o(i.OSTimeDlyHMSM)
    OSTimeTick                               0x08003175   Thumb Code   174  os_core.o(i.OSTimeTick)
    OSTimeTickHook                           0x08003229   Thumb Code    34  os_cpu_c.o(i.OSTimeTickHook)
    OSTmrSignal                              0x08003251   Thumb Code     8  os_tmr.o(i.OSTmrSignal)
    OSTmr_Init                               0x0800325d   Thumb Code   152  os_tmr.o(i.OSTmr_Init)
    OS_CPU_SysTickHandler                    0x080034b5   Thumb Code    32  os_cpu_c.o(i.OS_CPU_SysTickHandler)
    OS_Dummy                                 0x080034d5   Thumb Code     2  os_core.o(i.OS_Dummy)
    OS_EventTaskRdy                          0x080034d9   Thumb Code   104  os_core.o(i.OS_EventTaskRdy)
    OS_EventTaskRemove                       0x0800354d   Thumb Code    38  os_core.o(i.OS_EventTaskRemove)
    OS_EventTaskRemoveMulti                  0x08003573   Thumb Code    40  os_core.o(i.OS_EventTaskRemoveMulti)
    OS_EventTaskWait                         0x0800359d   Thumb Code    70  os_core.o(i.OS_EventTaskWait)
    OS_EventWaitListInit                     0x080035e9   Thumb Code    20  os_core.o(i.OS_EventWaitListInit)
    OS_FlagInit                              0x080035fd   Thumb Code    60  os_flag.o(i.OS_FlagInit)
    OS_FlagUnlink                            0x08003645   Thumb Code    34  os_flag.o(i.OS_FlagUnlink)
    OS_MemClr                                0x08003815   Thumb Code    18  os_core.o(i.OS_MemClr)
    OS_MemInit                               0x08003829   Thumb Code    66  os_mem.o(i.OS_MemInit)
    OS_QInit                                 0x08003879   Thumb Code    62  os_q.o(i.OS_QInit)
    OS_Sched                                 0x080038c1   Thumb Code    66  os_core.o(i.OS_Sched)
    OS_TCBInit                               0x0800392d   Thumb Code   246  os_core.o(i.OS_TCBInit)
    OS_TaskIdle                              0x08003a31   Thumb Code    24  os_core.o(i.OS_TaskIdle)
    OS_TaskReturn                            0x08003a4d   Thumb Code    20  os_task.o(i.OS_TaskReturn)
    OS_TaskStat                              0x08003a65   Thumb Code   136  os_core.o(i.OS_TaskStat)
    OS_TaskStatStkChk                        0x08003af1   Thumb Code    50  os_core.o(i.OS_TaskStatStkChk)
    OS_TaskStkClr                            0x08003b29   Thumb Code    22  os_task.o(i.OS_TaskStkClr)
    PortationDisplay                         0x08003b41   Thumb Code   102  led.o(i.PortationDisplay)
    SVC_Handler                              0x08003d29   Thumb Code     2  stm32f1xx_it.o(i.SVC_Handler)
    SetLed                                   0x08003d2d   Thumb Code    28  led.o(i.SetLed)
    SysTick_Handler                          0x08003d51   Thumb Code    22  delay.o(i.SysTick_Handler)
    SystemInit                               0x08003e79   Thumb Code     2  system_stm32f1xx.o(i.SystemInit)
    TILT_Init                                0x08003e7d   Thumb Code    50  tilt.o(i.TILT_Init)
    TIM2_IRQHandler                          0x08003eb9   Thumb Code     6  tim2.o(i.TIM2_IRQHandler)
    TIM3_IRQHandler                          0x08003ec5   Thumb Code   116  tim3.o(i.TIM3_IRQHandler)
    TIM_Base_SetConfig                       0x08003f41   Thumb Code   124  stm32f1xx_hal_tim.o(i.TIM_Base_SetConfig)
    TemperatureAndLightAdcInit               0x08004459   Thumb Code   222  adc.o(i.TemperatureAndLightAdcInit)
    USART1_IRQHandler                        0x0800473d   Thumb Code    20  usart.o(i.USART1_IRQHandler)
    UsageFault_Handler                       0x08004755   Thumb Code     2  stm32f1xx_it.o(i.UsageFault_Handler)
    __ARM_fpclassify                         0x08004757   Thumb Code    40  fpclassify.o(i.__ARM_fpclassify)
    __kernel_poly                            0x0800479f   Thumb Code   170  poly.o(i.__kernel_poly)
    __mathlib_dbl_divzero                    0x08004849   Thumb Code    12  dunder.o(i.__mathlib_dbl_divzero)
    __mathlib_dbl_infnan                     0x08004859   Thumb Code     6  dunder.o(i.__mathlib_dbl_infnan)
    __mathlib_dbl_invalid                    0x0800485f   Thumb Code    12  dunder.o(i.__mathlib_dbl_invalid)
    _is_digit                                0x0800486b   Thumb Code    14  __printf_wp.o(i._is_digit)
    _sys_exit                                0x08004879   Thumb Code     2  usart.o(i._sys_exit)
    beep_double                              0x0800487d   Thumb Code    66  beep.o(i.beep_double)
    beep_init                                0x080048c5   Thumb Code    76  beep.o(i.beep_init)
    beep_play_scale                          0x08004999   Thumb Code    46  beep.o(i.beep_play_scale)
    delay_init                               0x080049cd   Thumb Code    38  delay.o(i.delay_init)
    delay_ms                                 0x080049f9   Thumb Code    58  delay.o(i.delay_ms)
    delay_osschedlock                        0x08004a41   Thumb Code     4  delay.o(i.delay_osschedlock)
    delay_osschedunlock                      0x08004a45   Thumb Code     4  delay.o(i.delay_osschedunlock)
    delay_ostimedly                          0x08004a49   Thumb Code     4  delay.o(i.delay_ostimedly)
    delay_us                                 0x08004a4d   Thumb Code    64  delay.o(i.delay_us)
    fputc                                    0x08004a91   Thumb Code    18  usart.o(i.fputc)
    gtim_timx_int_init                       0x08004aa9   Thumb Code    66  tim3.o(i.gtim_timx_int_init)
    key_scan                                 0x08004af9   Thumb Code   180  key.o(i.key_scan)
    log                                      0x08004bb5   Thumb Code   808  log.o(i.log)
    main                                     0x08004f11   Thumb Code    30  main.o(i.main)
    sys_soft_reset                           0x08004f39   Thumb Code    26  sys.o(i.sys_soft_reset)
    sys_stm32_clock_init                     0x08004f5d   Thumb Code    86  sys.o(i.sys_stm32_clock_init)
    tim2_int_init                            0x08004fb5   Thumb Code    82  tim2.o(i.tim2_int_init)
    usart_init                               0x08005011   Thumb Code    44  usart.o(i.usart_init)
    _get_lc_numeric                          0x08005049   Thumb Code    44  lc_numeric_c.o(locale$$code)
    __aeabi_d2f                              0x08005075   Thumb Code     0  d2f.o(x$fpl$d2f)
    _d2f                                     0x08005075   Thumb Code    98  d2f.o(x$fpl$d2f)
    __aeabi_dadd                             0x080050d9   Thumb Code     0  daddsub_clz.o(x$fpl$dadd)
    _dadd                                    0x080050d9   Thumb Code   332  daddsub_clz.o(x$fpl$dadd)
    __fpl_dcheck_NaN1                        0x08005229   Thumb Code    10  dcheck1.o(x$fpl$dcheck1)
    __fpl_dcmp_Inf                           0x08005239   Thumb Code    24  dcmpi.o(x$fpl$dcmpinf)
    __aeabi_ddiv                             0x08005251   Thumb Code     0  ddiv.o(x$fpl$ddiv)
    _ddiv                                    0x08005251   Thumb Code   552  ddiv.o(x$fpl$ddiv)
    __aeabi_cdcmpeq                          0x08005501   Thumb Code     0  deqf.o(x$fpl$deqf)
    _dcmpeq                                  0x08005501   Thumb Code   120  deqf.o(x$fpl$deqf)
    __aeabi_i2d                              0x08005579   Thumb Code     0  dflt_clz.o(x$fpl$dflt)
    _dflt                                    0x08005579   Thumb Code    46  dflt_clz.o(x$fpl$dflt)
    __aeabi_ui2d                             0x080055a7   Thumb Code     0  dflt_clz.o(x$fpl$dfltu)
    _dfltu                                   0x080055a7   Thumb Code    38  dflt_clz.o(x$fpl$dfltu)
    __aeabi_dmul                             0x080055cd   Thumb Code     0  dmul.o(x$fpl$dmul)
    _dmul                                    0x080055cd   Thumb Code   332  dmul.o(x$fpl$dmul)
    __fpl_dnaninf                            0x08005721   Thumb Code   156  dnaninf.o(x$fpl$dnaninf)
    __fpl_dretinf                            0x080057bd   Thumb Code    12  dretinf.o(x$fpl$dretinf)
    __aeabi_drsub                            0x080057c9   Thumb Code     0  daddsub_clz.o(x$fpl$drsb)
    _drsb                                    0x080057c9   Thumb Code    22  daddsub_clz.o(x$fpl$drsb)
    __aeabi_dsub                             0x080057e1   Thumb Code     0  daddsub_clz.o(x$fpl$dsub)
    _dsub                                    0x080057e1   Thumb Code   464  daddsub_clz.o(x$fpl$dsub)
    __aeabi_f2d                              0x080059b5   Thumb Code     0  f2d.o(x$fpl$f2d)
    _f2d                                     0x080059b5   Thumb Code    86  f2d.o(x$fpl$f2d)
    __aeabi_fadd                             0x08005a0d   Thumb Code     0  faddsub_clz.o(x$fpl$fadd)
    _fadd                                    0x08005a0d   Thumb Code   196  faddsub_clz.o(x$fpl$fadd)
    __aeabi_fdiv                             0x08005ad1   Thumb Code     0  fdiv.o(x$fpl$fdiv)
    _fdiv                                    0x08005ad1   Thumb Code   384  fdiv.o(x$fpl$fdiv)
    __aeabi_f2uiz                            0x08005c55   Thumb Code     0  ffixu.o(x$fpl$ffixu)
    _ffixu                                   0x08005c55   Thumb Code    62  ffixu.o(x$fpl$ffixu)
    __aeabi_ui2f                             0x08005c95   Thumb Code     0  fflt_clz.o(x$fpl$ffltu)
    _ffltu                                   0x08005c95   Thumb Code    38  fflt_clz.o(x$fpl$ffltu)
    __aeabi_fmul                             0x08005cbd   Thumb Code     0  fmul.o(x$fpl$fmul)
    _fmul                                    0x08005cbd   Thumb Code   258  fmul.o(x$fpl$fmul)
    __fpl_fnaninf                            0x08005dbf   Thumb Code   140  fnaninf.o(x$fpl$fnaninf)
    __fpl_fretinf                            0x08005e4b   Thumb Code    10  fretinf.o(x$fpl$fretinf)
    __aeabi_frsub                            0x08005e55   Thumb Code     0  faddsub_clz.o(x$fpl$frsb)
    _frsb                                    0x08005e55   Thumb Code    20  faddsub_clz.o(x$fpl$frsb)
    __aeabi_fsub                             0x08005e69   Thumb Code     0  faddsub_clz.o(x$fpl$fsub)
    _fsub                                    0x08005e69   Thumb Code   234  faddsub_clz.o(x$fpl$fsub)
    _printf_fp_dec                           0x08005f53   Thumb Code     4  printf1.o(x$fpl$printf1)
    __fpl_return_NaN                         0x08005f57   Thumb Code   100  retnan.o(x$fpl$retnan)
    __ARM_scalbn                             0x08005fbb   Thumb Code    92  scalbn.o(x$fpl$scalbn)
    __fpl_cmpreturn                          0x08006017   Thumb Code    48  trapv.o(x$fpl$trapveneer)
    AHBPrescTable                            0x08006046   Data          16  system_stm32f1xx.o(.constdata)
    __I$use$fp                               0x08006046   Number         0  usenofp.o(x$fpl$usenofp)
    APBPrescTable                            0x08006056   Data           8  system_stm32f1xx.o(.constdata)
    OSUnMapTbl                               0x0800607e   Data         256  os_core.o(.constdata)
    __mathlib_zero                           0x080061b8   Data           8  qnan.o(.constdata)
    Region$$Table$$Base                      0x0800629c   Number         0  anon$$obj.o(Region$$Table)
    Region$$Table$$Limit                     0x080062bc   Number         0  anon$$obj.o(Region$$Table)
    g_system_running                         0x20000000   Data           1  main.o(.data)
    g_display_mode                           0x20000001   Data           1  main.o(.data)
    g_current_light                          0x20000002   Data           2  main.o(.data)
    g_current_temp                           0x20000004   Data           4  main.o(.data)
    g_beep_sem                               0x20000008   Data           4  main.o(.data)
    SystemCoreClock                          0x2000000c   Data           4  system_stm32f1xx.o(.data)
    segTable                                 0x20000010   Data          11  led.o(.data)
    hour                                     0x2000001c   Data           1  tim3.o(.data)
    minute                                   0x2000001d   Data           1  tim3.o(.data)
    second                                   0x2000001e   Data           1  tim3.o(.data)
    cntd_m                                   0x2000001f   Data           1  tim3.o(.data)
    cntd_s                                   0x20000020   Data           1  tim3.o(.data)
    cntd_run                                 0x20000021   Data           1  tim3.o(.data)
    clock_run                                0x20000022   Data           1  tim3.o(.data)
    count_finish                             0x20000023   Data           1  tim3.o(.data)
    cntd_display                             0x20000024   Data           1  tim3.o(.data)
    g_rx_buffer                              0x20000030   Data           1  usart.o(.data)
    g_usart_rx_sta                           0x20000032   Data           2  usart.o(.data)
    __stdout                                 0x20000034   Data           4  usart.o(.data)
    uwTickFreq                               0x20000038   Data           1  stm32f1xx_hal.o(.data)
    uwTickPrio                               0x2000003c   Data           4  stm32f1xx_hal.o(.data)
    uwTick                                   0x20000040   Data           4  stm32f1xx_hal.o(.data)
    OS_CPU_ExceptStkBase                     0x20000048   Data           4  os_cpu_c.o(.data)
    OS_KA_BASEPRI_Boundary                   0x2000004c   Data           4  os_cpu_c.o(.data)
    OSCPUUsage                               0x20000050   Data           1  os_core.o(.data)
    OSStatRdy                                0x20000051   Data           1  os_core.o(.data)
    OSIntNesting                             0x20000052   Data           1  os_core.o(.data)
    OSLockNesting                            0x20000053   Data           1  os_core.o(.data)
    OSPrioCur                                0x20000054   Data           1  os_core.o(.data)
    OSPrioHighRdy                            0x20000055   Data           1  os_core.o(.data)
    OSRdyGrp                                 0x20000056   Data           1  os_core.o(.data)
    OSRunning                                0x20000057   Data           1  os_core.o(.data)
    OSTaskCtr                                0x20000058   Data           1  os_core.o(.data)
    OSTickStepState                          0x20000059   Data           1  os_core.o(.data)
    OSTaskRegNextAvailID                     0x2000005a   Data           1  os_core.o(.data)
    OSCtxSwCtr                               0x2000005c   Data           4  os_core.o(.data)
    OSEventFreeList                          0x20000060   Data           4  os_core.o(.data)
    OSIdleCtrMax                             0x20000064   Data           4  os_core.o(.data)
    OSIdleCtrRun                             0x20000068   Data           4  os_core.o(.data)
    OSIdleCtr                                0x2000006c   Data           4  os_core.o(.data)
    OSTCBCur                                 0x20000070   Data           4  os_core.o(.data)
    OSTCBFreeList                            0x20000074   Data           4  os_core.o(.data)
    OSTCBHighRdy                             0x20000078   Data           4  os_core.o(.data)
    OSTCBList                                0x2000007c   Data           4  os_core.o(.data)
    OSTime                                   0x20000080   Data           4  os_core.o(.data)
    OSRdyTbl                                 0x20000084   Data           8  os_core.o(.data)
    OSFlagFreeList                           0x2000008c   Data           4  os_core.o(.data)
    OSMemFreeList                            0x20000090   Data           4  os_core.o(.data)
    OSQFreeList                              0x20000094   Data           4  os_core.o(.data)
    OSTmrFree                                0x20000098   Data           2  os_core.o(.data)
    OSTmrUsed                                0x2000009a   Data           2  os_core.o(.data)
    OSTmrTime                                0x2000009c   Data           4  os_core.o(.data)
    OSTmrSem                                 0x200000a0   Data           4  os_core.o(.data)
    OSTmrSemSignal                           0x200000a4   Data           4  os_core.o(.data)
    OSTmrFreeList                            0x200000a8   Data           4  os_core.o(.data)
    g_adc_task_stk                           0x200000ac   Data         512  main.o(.bss)
    g_uart_task_stk                          0x200002ac   Data         512  main.o(.bss)
    g_display_task_stk                       0x200004ac   Data         512  main.o(.bss)
    g_key_task_stk                           0x200006ac   Data         512  main.o(.bss)
    g_beep_task_stk                          0x200008ac   Data         512  main.o(.bss)
    g_start_task_stk                         0x20000aac   Data         512  main.o(.bss)
    g_tim2_handle                            0x20000cac   Data          72  tim2.o(.bss)
    g_timx_handle                            0x20000cf4   Data          72  tim3.o(.bss)
    g_usart_rx_buf                           0x20000d3c   Data         200  usart.o(.bss)
    g_uart1_handle                           0x20000e04   Data          64  usart.o(.bss)
    OS_CPU_ExceptStk                         0x20000e44   Data        1024  os_cpu_c.o(.bss)
    OSEventTbl                               0x20001244   Data         240  os_core.o(.bss)
    OSTaskStatStk                            0x20001334   Data         512  os_core.o(.bss)
    OSTaskIdleStk                            0x20001534   Data         512  os_core.o(.bss)
    OSTCBPrioTbl                             0x20001734   Data         256  os_core.o(.bss)
    OSTCBTbl                                 0x20001834   Data        2024  os_core.o(.bss)
    OSFlagTbl                                0x2000201c   Data          80  os_core.o(.bss)
    OSMemTbl                                 0x2000206c   Data         120  os_core.o(.bss)
    OSQTbl                                   0x200020e4   Data          96  os_core.o(.bss)
    OSTmrTbl                                 0x20002144   Data         640  os_core.o(.bss)
    OSTmrTaskStk                             0x200023c4   Data         512  os_core.o(.bss)
    OSTmrWheelTbl                            0x200025c4   Data          56  os_core.o(.bss)
    __libspace_start                         0x200025fc   Data          96  libspace.o(.bss)
    __temporary_stack_top$libspace           0x2000265c   Data           0  libspace.o(.bss)



==============================================================================

Memory Map of the image

  Image Entry point : 0x08000131

  Load Region LR_IROM1 (Base: 0x08000000, Size: 0x00006384, Max: 0x00020000, ABSOLUTE)

    Execution Region ER_IROM1 (Exec base: 0x08000000, Load base: 0x08000000, Size: 0x000062d8, Max: 0x00020000, ABSOLUTE)

    Exec Addr    Load Addr    Size         Type   Attr      Idx    E Section Name        Object

    0x08000000   0x08000000   0x00000130   Data   RO            3    RESET               startup_stm32f103xe.o
    0x08000130   0x08000130   0x00000008   Code   RO         5735  * !!!main             c_w.l(__main.o)
    0x08000138   0x08000138   0x00000034   Code   RO         6044    !!!scatter          c_w.l(__scatter.o)
    0x0800016c   0x0800016c   0x0000001a   Code   RO         6046    !!handler_copy      c_w.l(__scatter_copy.o)
    0x08000186   0x08000186   0x00000002   PAD
    0x08000188   0x08000188   0x0000001c   Code   RO         6048    !!handler_zi        c_w.l(__scatter_zi.o)
    0x080001a4   0x080001a4   0x00000000   Code   RO         5730    .ARM.Collect$$_printf_percent$$00000000  c_w.l(_printf_percent.o)
    0x080001a4   0x080001a4   0x00000006   Code   RO         5729    .ARM.Collect$$_printf_percent$$00000003  c_w.l(_printf_f.o)
    0x080001aa   0x080001aa   0x00000006   Code   RO         5728    .ARM.Collect$$_printf_percent$$00000009  c_w.l(_printf_d.o)
    0x080001b0   0x080001b0   0x00000004   Code   RO         5806    .ARM.Collect$$_printf_percent$$00000017  c_w.l(_printf_percent_end.o)
    0x080001b4   0x080001b4   0x00000002   Code   RO         5924    .ARM.Collect$$libinit$$00000000  c_w.l(libinit.o)
    0x080001b6   0x080001b6   0x00000000   Code   RO         5926    .ARM.Collect$$libinit$$00000002  c_w.l(libinit2.o)
    0x080001b6   0x080001b6   0x00000000   Code   RO         5928    .ARM.Collect$$libinit$$00000004  c_w.l(libinit2.o)
    0x080001b6   0x080001b6   0x00000000   Code   RO         5931    .ARM.Collect$$libinit$$0000000A  c_w.l(libinit2.o)
    0x080001b6   0x080001b6   0x00000000   Code   RO         5933    .ARM.Collect$$libinit$$0000000C  c_w.l(libinit2.o)
    0x080001b6   0x080001b6   0x00000000   Code   RO         5935    .ARM.Collect$$libinit$$0000000E  c_w.l(libinit2.o)
    0x080001b6   0x080001b6   0x00000006   Code   RO         5936    .ARM.Collect$$libinit$$0000000F  c_w.l(libinit2.o)
    0x080001bc   0x080001bc   0x00000000   Code   RO         5938    .ARM.Collect$$libinit$$00000011  c_w.l(libinit2.o)
    0x080001bc   0x080001bc   0x00000000   Code   RO         5940    .ARM.Collect$$libinit$$00000013  c_w.l(libinit2.o)
    0x080001bc   0x080001bc   0x00000000   Code   RO         5942    .ARM.Collect$$libinit$$00000015  c_w.l(libinit2.o)
    0x080001bc   0x080001bc   0x0000000a   Code   RO         5943    .ARM.Collect$$libinit$$00000016  c_w.l(libinit2.o)
    0x080001c6   0x080001c6   0x00000000   Code   RO         5944    .ARM.Collect$$libinit$$00000017  c_w.l(libinit2.o)
    0x080001c6   0x080001c6   0x00000000   Code   RO         5946    .ARM.Collect$$libinit$$00000019  c_w.l(libinit2.o)
    0x080001c6   0x080001c6   0x00000000   Code   RO         5948    .ARM.Collect$$libinit$$0000001B  c_w.l(libinit2.o)
    0x080001c6   0x080001c6   0x00000000   Code   RO         5950    .ARM.Collect$$libinit$$0000001D  c_w.l(libinit2.o)
    0x080001c6   0x080001c6   0x00000000   Code   RO         5952    .ARM.Collect$$libinit$$0000001F  c_w.l(libinit2.o)
    0x080001c6   0x080001c6   0x00000000   Code   RO         5954    .ARM.Collect$$libinit$$00000021  c_w.l(libinit2.o)
    0x080001c6   0x080001c6   0x00000000   Code   RO         5956    .ARM.Collect$$libinit$$00000023  c_w.l(libinit2.o)
    0x080001c6   0x080001c6   0x00000000   Code   RO         5958    .ARM.Collect$$libinit$$00000025  c_w.l(libinit2.o)
    0x080001c6   0x080001c6   0x00000000   Code   RO         5962    .ARM.Collect$$libinit$$0000002C  c_w.l(libinit2.o)
    0x080001c6   0x080001c6   0x00000000   Code   RO         5964    .ARM.Collect$$libinit$$0000002E  c_w.l(libinit2.o)
    0x080001c6   0x080001c6   0x00000000   Code   RO         5966    .ARM.Collect$$libinit$$00000030  c_w.l(libinit2.o)
    0x080001c6   0x080001c6   0x00000000   Code   RO         5968    .ARM.Collect$$libinit$$00000032  c_w.l(libinit2.o)
    0x080001c6   0x080001c6   0x00000002   Code   RO         5969    .ARM.Collect$$libinit$$00000033  c_w.l(libinit2.o)
    0x080001c8   0x080001c8   0x00000002   Code   RO         5997    .ARM.Collect$$libshutdown$$00000000  c_w.l(libshutdown.o)
    0x080001ca   0x080001ca   0x00000000   Code   RO         6005    .ARM.Collect$$libshutdown$$00000002  c_w.l(libshutdown2.o)
    0x080001ca   0x080001ca   0x00000000   Code   RO         6007    .ARM.Collect$$libshutdown$$00000004  c_w.l(libshutdown2.o)
    0x080001ca   0x080001ca   0x00000000   Code   RO         6010    .ARM.Collect$$libshutdown$$00000007  c_w.l(libshutdown2.o)
    0x080001ca   0x080001ca   0x00000000   Code   RO         6013    .ARM.Collect$$libshutdown$$0000000A  c_w.l(libshutdown2.o)
    0x080001ca   0x080001ca   0x00000000   Code   RO         6015    .ARM.Collect$$libshutdown$$0000000C  c_w.l(libshutdown2.o)
    0x080001ca   0x080001ca   0x00000000   Code   RO         6018    .ARM.Collect$$libshutdown$$0000000F  c_w.l(libshutdown2.o)
    0x080001ca   0x080001ca   0x00000002   Code   RO         6019    .ARM.Collect$$libshutdown$$00000010  c_w.l(libshutdown2.o)
    0x080001cc   0x080001cc   0x00000000   Code   RO         5797    .ARM.Collect$$rtentry$$00000000  c_w.l(__rtentry.o)
    0x080001cc   0x080001cc   0x00000000   Code   RO         5838    .ARM.Collect$$rtentry$$00000002  c_w.l(__rtentry2.o)
    0x080001cc   0x080001cc   0x00000006   Code   RO         5850    .ARM.Collect$$rtentry$$00000004  c_w.l(__rtentry4.o)
    0x080001d2   0x080001d2   0x00000000   Code   RO         5840    .ARM.Collect$$rtentry$$00000009  c_w.l(__rtentry2.o)
    0x080001d2   0x080001d2   0x00000004   Code   RO         5841    .ARM.Collect$$rtentry$$0000000A  c_w.l(__rtentry2.o)
    0x080001d6   0x080001d6   0x00000000   Code   RO         5843    .ARM.Collect$$rtentry$$0000000C  c_w.l(__rtentry2.o)
    0x080001d6   0x080001d6   0x00000008   Code   RO         5844    .ARM.Collect$$rtentry$$0000000D  c_w.l(__rtentry2.o)
    0x080001de   0x080001de   0x00000002   Code   RO         5972    .ARM.Collect$$rtexit$$00000000  c_w.l(rtexit.o)
    0x080001e0   0x080001e0   0x00000000   Code   RO         5979    .ARM.Collect$$rtexit$$00000002  c_w.l(rtexit2.o)
    0x080001e0   0x080001e0   0x00000004   Code   RO         5980    .ARM.Collect$$rtexit$$00000003  c_w.l(rtexit2.o)
    0x080001e4   0x080001e4   0x00000006   Code   RO         5981    .ARM.Collect$$rtexit$$00000004  c_w.l(rtexit2.o)
    0x080001ea   0x080001ea   0x00000002   PAD
    0x080001ec   0x080001ec   0x00000040   Code   RO            4    .text               startup_stm32f103xe.o
    0x0800022c   0x0800022c   0x00000114   Code   RO         4765    .text               os_cpu_a.o
    0x08000340   0x08000340   0x00000002   Code   RO         5698    .text               c_w.l(use_no_semi_2.o)
    0x08000342   0x08000342   0x00000002   PAD
    0x08000344   0x08000344   0x00000018   Code   RO         5702    .text               c_w.l(noretval__2printf.o)
    0x0800035c   0x0800035c   0x00000078   Code   RO         5706    .text               c_w.l(_printf_dec.o)
    0x080003d4   0x080003d4   0x0000010e   Code   RO         5716    .text               c_w.l(__printf_wp.o)
    0x080004e2   0x080004e2   0x0000004e   Code   RO         5731    .text               c_w.l(rt_memclr_w.o)
    0x08000530   0x08000530   0x00000006   Code   RO         5733    .text               c_w.l(heapauxi.o)
    0x08000536   0x08000536   0x00000002   Code   RO         5795    .text               c_w.l(use_no_semi.o)
    0x08000538   0x08000538   0x00000016   Code   RO         5798    .text               c_w.l(_rserrno.o)
    0x0800054e   0x0800054e   0x000000b2   Code   RO         5800    .text               c_w.l(_printf_intcommon.o)
    0x08000600   0x08000600   0x0000041e   Code   RO         5802    .text               c_w.l(_printf_fp_dec.o)
    0x08000a1e   0x08000a1e   0x00000002   PAD
    0x08000a20   0x08000a20   0x00000024   Code   RO         5804    .text               c_w.l(_printf_char_file.o)
    0x08000a44   0x08000a44   0x00000008   Code   RO         5855    .text               c_w.l(rt_locale_intlibspace.o)
    0x08000a4c   0x08000a4c   0x00000008   Code   RO         5860    .text               c_w.l(rt_errno_addr_intlibspace.o)
    0x08000a54   0x08000a54   0x0000008a   Code   RO         5862    .text               c_w.l(lludiv10.o)
    0x08000ade   0x08000ade   0x00000002   PAD
    0x08000ae0   0x08000ae0   0x00000030   Code   RO         5864    .text               c_w.l(_printf_char_common.o)
    0x08000b10   0x08000b10   0x00000080   Code   RO         5866    .text               c_w.l(_printf_fp_infnan.o)
    0x08000b90   0x08000b90   0x000000e4   Code   RO         5868    .text               c_w.l(bigflt0.o)
    0x08000c74   0x08000c74   0x00000008   Code   RO         5893    .text               c_w.l(ferror.o)
    0x08000c7c   0x08000c7c   0x00000008   Code   RO         5908    .text               c_w.l(libspace.o)
    0x08000c84   0x08000c84   0x0000004a   Code   RO         5911    .text               c_w.l(sys_stackheap_outer.o)
    0x08000cce   0x08000cce   0x00000012   Code   RO         5915    .text               c_w.l(exit.o)
    0x08000ce0   0x08000ce0   0x00000080   Code   RO         5917    .text               c_w.l(strcmpv7m.o)
    0x08000d60   0x08000d60   0x0000003e   Code   RO         5871    CL$$btod_d2e        c_w.l(btod.o)
    0x08000d9e   0x08000d9e   0x00000046   Code   RO         5873    CL$$btod_d2e_denorm_low  c_w.l(btod.o)
    0x08000de4   0x08000de4   0x00000060   Code   RO         5872    CL$$btod_d2e_norm_op1  c_w.l(btod.o)
    0x08000e44   0x08000e44   0x00000338   Code   RO         5881    CL$$btod_div_common  c_w.l(btod.o)
    0x0800117c   0x0800117c   0x000000dc   Code   RO         5878    CL$$btod_e2e        c_w.l(btod.o)
    0x08001258   0x08001258   0x0000002a   Code   RO         5875    CL$$btod_ediv       c_w.l(btod.o)
    0x08001282   0x08001282   0x0000002a   Code   RO         5874    CL$$btod_emul       c_w.l(btod.o)
    0x080012ac   0x080012ac   0x00000244   Code   RO         5880    CL$$btod_mult_common  c_w.l(btod.o)
    0x080014f0   0x080014f0   0x000000b4   Code   RO          766    i.Adc1Init          adc.o
    0x080015a4   0x080015a4   0x000000b4   Code   RO          767    i.Adc2Init          adc.o
    0x08001658   0x08001658   0x00000002   Code   RO         4687    i.App_TCBInitHook   app_hooks.o
    0x0800165a   0x0800165a   0x00000002   Code   RO         4688    i.App_TaskCreateHook  app_hooks.o
    0x0800165c   0x0800165c   0x00000002   Code   RO         4689    i.App_TaskDelHook   app_hooks.o
    0x0800165e   0x0800165e   0x00000002   Code   RO         4690    i.App_TaskIdleHook  app_hooks.o
    0x08001660   0x08001660   0x00000002   Code   RO         4691    i.App_TaskReturnHook  app_hooks.o
    0x08001662   0x08001662   0x00000002   Code   RO         4692    i.App_TaskStatHook  app_hooks.o
    0x08001664   0x08001664   0x00000002   Code   RO         4693    i.App_TaskSwHook    app_hooks.o
    0x08001666   0x08001666   0x00000002   Code   RO         4694    i.App_TimeTickHook  app_hooks.o
    0x08001668   0x08001668   0x00000002   Code   RO          524    i.BusFault_Handler  stm32f1xx_it.o
    0x0800166a   0x0800166a   0x00000002   Code   RO          525    i.DebugMon_Handler  stm32f1xx_it.o
    0x0800166c   0x0800166c   0x00000074   Code   RO          768    i.GetAdc            adc.o
    0x080016e0   0x080016e0   0x00000008   Code   RO          770    i.GetLightAdc       adc.o
    0x080016e8   0x080016e8   0x000000c8   Code   RO          771    i.GetTemperature    adc.o
    0x080017b0   0x080017b0   0x00000008   Code   RO          772    i.GetTemperatureAdc  adc.o
    0x080017b8   0x080017b8   0x00000150   Code   RO         1654    i.HAL_DMA_Abort_IT  stm32f1xx_hal_dma.o
    0x08001908   0x08001908   0x00000214   Code   RO         1750    i.HAL_GPIO_Init     stm32f1xx_hal_gpio.o
    0x08001b1c   0x08001b1c   0x0000000e   Code   RO         1752    i.HAL_GPIO_ReadPin  stm32f1xx_hal_gpio.o
    0x08001b2a   0x08001b2a   0x00000010   Code   RO         1753    i.HAL_GPIO_TogglePin  stm32f1xx_hal_gpio.o
    0x08001b3a   0x08001b3a   0x0000000e   Code   RO         1754    i.HAL_GPIO_WritePin  stm32f1xx_hal_gpio.o
    0x08001b48   0x08001b48   0x0000000c   Code   RO         1368    i.HAL_GetTick       stm32f1xx_hal.o
    0x08001b54   0x08001b54   0x00000010   Code   RO         1374    i.HAL_IncTick       stm32f1xx_hal.o
    0x08001b64   0x08001b64   0x00000024   Code   RO         1375    i.HAL_Init          stm32f1xx_hal.o
    0x08001b88   0x08001b88   0x00000044   Code   RO         1376    i.HAL_InitTick      stm32f1xx_hal.o
    0x08001bcc   0x08001bcc   0x00000002   Code   RO         1378    i.HAL_MspInit       stm32f1xx_hal.o
    0x08001bce   0x08001bce   0x0000001a   Code   RO         1537    i.HAL_NVIC_EnableIRQ  stm32f1xx_hal_cortex.o
    0x08001be8   0x08001be8   0x00000040   Code   RO         1543    i.HAL_NVIC_SetPriority  stm32f1xx_hal_cortex.o
    0x08001c28   0x08001c28   0x00000024   Code   RO         1544    i.HAL_NVIC_SetPriorityGrouping  stm32f1xx_hal_cortex.o
    0x08001c4c   0x08001c4c   0x00000154   Code   RO         1975    i.HAL_RCC_ClockConfig  stm32f1xx_hal_rcc.o
    0x08001da0   0x08001da0   0x0000000c   Code   RO         1980    i.HAL_RCC_GetHCLKFreq  stm32f1xx_hal_rcc.o
    0x08001dac   0x08001dac   0x00000020   Code   RO         1982    i.HAL_RCC_GetPCLK1Freq  stm32f1xx_hal_rcc.o
    0x08001dcc   0x08001dcc   0x00000020   Code   RO         1983    i.HAL_RCC_GetPCLK2Freq  stm32f1xx_hal_rcc.o
    0x08001dec   0x08001dec   0x00000074   Code   RO         1984    i.HAL_RCC_GetSysClockFreq  stm32f1xx_hal_rcc.o
    0x08001e60   0x08001e60   0x00000384   Code   RO         1987    i.HAL_RCC_OscConfig  stm32f1xx_hal_rcc.o
    0x080021e4   0x080021e4   0x00000028   Code   RO         1548    i.HAL_SYSTICK_Config  stm32f1xx_hal_cortex.o
    0x0800220c   0x0800220c   0x00000002   Code   RO         3692    i.HAL_TIMEx_BreakCallback  stm32f1xx_hal_tim_ex.o
    0x0800220e   0x0800220e   0x00000002   Code   RO         3693    i.HAL_TIMEx_CommutCallback  stm32f1xx_hal_tim_ex.o
    0x08002210   0x08002210   0x0000004a   Code   RO         2977    i.HAL_TIM_Base_Init  stm32f1xx_hal_tim.o
    0x0800225a   0x0800225a   0x00000002   Code   RO         2979    i.HAL_TIM_Base_MspInit  stm32f1xx_hal_tim.o
    0x0800225c   0x0800225c   0x00000078   Code   RO         2982    i.HAL_TIM_Base_Start_IT  stm32f1xx_hal_tim.o
    0x080022d4   0x080022d4   0x00000030   Code   RO         2985    i.HAL_TIM_Base_Stop_IT  stm32f1xx_hal_tim.o
    0x08002304   0x08002304   0x00000002   Code   RO         3011    i.HAL_TIM_IC_CaptureCallback  stm32f1xx_hal_tim.o
    0x08002306   0x08002306   0x0000016e   Code   RO         3025    i.HAL_TIM_IRQHandler  stm32f1xx_hal_tim.o
    0x08002474   0x08002474   0x00000002   Code   RO         3028    i.HAL_TIM_OC_DelayElapsedCallback  stm32f1xx_hal_tim.o
    0x08002476   0x08002476   0x00000002   Code   RO         3055    i.HAL_TIM_PWM_PulseFinishedCallback  stm32f1xx_hal_tim.o
    0x08002478   0x08002478   0x00000018   Code   RO          860    i.HAL_TIM_PeriodElapsedCallback  beep.o
    0x08002490   0x08002490   0x00000002   Code   RO         3068    i.HAL_TIM_TriggerCallback  stm32f1xx_hal_tim.o
    0x08002492   0x08002492   0x00000002   Code   RO         2138    i.HAL_UART_ErrorCallback  stm32f1xx_hal_uart.o
    0x08002494   0x08002494   0x00000114   Code   RO         2141    i.HAL_UART_IRQHandler  stm32f1xx_hal_uart.o
    0x080025a8   0x080025a8   0x00000064   Code   RO         2142    i.HAL_UART_Init     stm32f1xx_hal_uart.o
    0x0800260c   0x0800260c   0x0000008c   Code   RO         1279    i.HAL_UART_MspInit  usart.o
    0x08002698   0x08002698   0x00000056   Code   RO         2147    i.HAL_UART_Receive_IT  stm32f1xx_hal_uart.o
    0x080026ee   0x080026ee   0x00000002   PAD
    0x080026f0   0x080026f0   0x0000006c   Code   RO         1280    i.HAL_UART_RxCpltCallback  usart.o
    0x0800275c   0x0800275c   0x00000002   Code   RO         2153    i.HAL_UART_TxCpltCallback  stm32f1xx_hal_uart.o
    0x0800275e   0x0800275e   0x00000002   Code   RO          526    i.HardFault_Handler  stm32f1xx_it.o
    0x08002760   0x08002760   0x00000010   Code   RO          952    i.IWDG_Feed         iwdg.o
    0x08002770   0x08002770   0x0000003c   Code   RO          985    i.KEY_Init          key.o
    0x080027ac   0x080027ac   0x000000a0   Code   RO          718    i.LED_Init          led.o
    0x0800284c   0x0800284c   0x00000018   Code   RO          719    i.LedValue          led.o
    0x08002864   0x08002864   0x00000002   Code   RO          527    i.MemManage_Handler  stm32f1xx_it.o
    0x08002866   0x08002866   0x00000002   Code   RO          528    i.NMI_Handler       stm32f1xx_it.o
    0x08002868   0x08002868   0x00000002   Code   RO         4768    i.OSDebugInit       os_dbg.o
    0x0800286a   0x0800286a   0x00000002   PAD
    0x0800286c   0x0800286c   0x00000054   Code   RO         4886    i.OSEventNameSet    os_core.o
    0x080028c0   0x080028c0   0x0000003a   Code   RO         4888    i.OSInit            os_core.o
    0x080028fa   0x080028fa   0x00000002   PAD
    0x080028fc   0x080028fc   0x00000030   Code   RO         4784    i.OSInitHookBegin   os_cpu_c.o
    0x0800292c   0x0800292c   0x00000002   Code   RO         4785    i.OSInitHookEnd     os_cpu_c.o
    0x0800292e   0x0800292e   0x00000002   PAD
    0x08002930   0x08002930   0x00000018   Code   RO         4889    i.OSIntEnter        os_core.o
    0x08002948   0x08002948   0x0000005c   Code   RO         4890    i.OSIntExit         os_core.o
    0x080029a4   0x080029a4   0x0000002c   Code   RO         4891    i.OSSchedLock       os_core.o
    0x080029d0   0x080029d0   0x0000004c   Code   RO         4892    i.OSSchedUnlock     os_core.o
    0x08002a1c   0x08002a1c   0x0000004c   Code   RO         5415    i.OSSemCreate       os_sem.o
    0x08002a68   0x08002a68   0x000000d0   Code   RO         5417    i.OSSemPend         os_sem.o
    0x08002b38   0x08002b38   0x0000005e   Code   RO         5419    i.OSSemPost         os_sem.o
    0x08002b96   0x08002b96   0x00000002   PAD
    0x08002b98   0x08002b98   0x00000030   Code   RO         4893    i.OSStart           os_core.o
    0x08002bc8   0x08002bc8   0x00000004   Code   RO         4786    i.OSTCBInitHook     os_cpu_c.o
    0x08002bcc   0x08002bcc   0x00000094   Code   RO         5469    i.OSTaskCreate      os_task.o
    0x08002c60   0x08002c60   0x000000a8   Code   RO         5470    i.OSTaskCreateExt   os_task.o
    0x08002d08   0x08002d08   0x00000004   Code   RO         4787    i.OSTaskCreateHook  os_cpu_c.o
    0x08002d0c   0x08002d0c   0x00000154   Code   RO         5471    i.OSTaskDel         os_task.o
    0x08002e60   0x08002e60   0x00000004   Code   RO         4788    i.OSTaskDelHook     os_cpu_c.o
    0x08002e64   0x08002e64   0x00000004   Code   RO         4789    i.OSTaskIdleHook    os_cpu_c.o
    0x08002e68   0x08002e68   0x0000007c   Code   RO         5474    i.OSTaskNameSet     os_task.o
    0x08002ee4   0x08002ee4   0x00000004   Code   RO         4790    i.OSTaskReturnHook  os_cpu_c.o
    0x08002ee8   0x08002ee8   0x00000004   Code   RO         4791    i.OSTaskStatHook    os_cpu_c.o
    0x08002eec   0x08002eec   0x00000090   Code   RO         5480    i.OSTaskStkChk      os_task.o
    0x08002f7c   0x08002f7c   0x0000006c   Code   RO         4792    i.OSTaskStkInit     os_cpu_c.o
    0x08002fe8   0x08002fe8   0x000000ac   Code   RO         5481    i.OSTaskSuspend     os_task.o
    0x08003094   0x08003094   0x00000004   Code   RO         4793    i.OSTaskSwHook      os_cpu_c.o
    0x08003098   0x08003098   0x00000064   Code   RO         5570    i.OSTimeDly         os_time.o
    0x080030fc   0x080030fc   0x00000078   Code   RO         5571    i.OSTimeDlyHMSM     os_time.o
    0x08003174   0x08003174   0x000000b4   Code   RO         4895    i.OSTimeTick        os_core.o
    0x08003228   0x08003228   0x00000028   Code   RO         4794    i.OSTimeTickHook    os_cpu_c.o
    0x08003250   0x08003250   0x0000000c   Code   RO         5610    i.OSTmrSignal       os_tmr.o
    0x0800325c   0x0800325c   0x000000e4   Code   RO         5616    i.OSTmr_Init        os_tmr.o
    0x08003340   0x08003340   0x00000050   Code   RO         5617    i.OSTmr_InitTask    os_tmr.o
    0x08003390   0x08003390   0x00000060   Code   RO         5618    i.OSTmr_Link        os_tmr.o
    0x080033f0   0x080033f0   0x00000080   Code   RO         5619    i.OSTmr_Task        os_tmr.o
    0x08003470   0x08003470   0x00000044   Code   RO         5620    i.OSTmr_Unlink      os_tmr.o
    0x080034b4   0x080034b4   0x00000020   Code   RO         4795    i.OS_CPU_SysTickHandler  os_cpu_c.o
    0x080034d4   0x080034d4   0x00000002   Code   RO         4897    i.OS_Dummy          os_core.o
    0x080034d6   0x080034d6   0x00000002   PAD
    0x080034d8   0x080034d8   0x00000074   Code   RO         4898    i.OS_EventTaskRdy   os_core.o
    0x0800354c   0x0800354c   0x00000026   Code   RO         4899    i.OS_EventTaskRemove  os_core.o
    0x08003572   0x08003572   0x00000028   Code   RO         4900    i.OS_EventTaskRemoveMulti  os_core.o
    0x0800359a   0x0800359a   0x00000002   PAD
    0x0800359c   0x0800359c   0x0000004c   Code   RO         4901    i.OS_EventTaskWait  os_core.o
    0x080035e8   0x080035e8   0x00000014   Code   RO         4903    i.OS_EventWaitListInit  os_core.o
    0x080035fc   0x080035fc   0x00000048   Code   RO         5121    i.OS_FlagInit       os_flag.o
    0x08003644   0x08003644   0x00000022   Code   RO         5123    i.OS_FlagUnlink     os_flag.o
    0x08003666   0x08003666   0x00000002   PAD
    0x08003668   0x08003668   0x00000058   Code   RO         4904    i.OS_InitEventList  os_core.o
    0x080036c0   0x080036c0   0x00000020   Code   RO         4905    i.OS_InitMisc       os_core.o
    0x080036e0   0x080036e0   0x00000024   Code   RO         4906    i.OS_InitRdyList    os_core.o
    0x08003704   0x08003704   0x00000070   Code   RO         4907    i.OS_InitTCBList    os_core.o
    0x08003774   0x08003774   0x00000050   Code   RO         4908    i.OS_InitTaskIdle   os_core.o
    0x080037c4   0x080037c4   0x00000050   Code   RO         4909    i.OS_InitTaskStat   os_core.o
    0x08003814   0x08003814   0x00000012   Code   RO         4910    i.OS_MemClr         os_core.o
    0x08003826   0x08003826   0x00000002   PAD
    0x08003828   0x08003828   0x00000050   Code   RO         5253    i.OS_MemInit        os_mem.o
    0x08003878   0x08003878   0x00000048   Code   RO         5352    i.OS_QInit          os_q.o
    0x080038c0   0x080038c0   0x0000004c   Code   RO         4912    i.OS_Sched          os_core.o
    0x0800390c   0x0800390c   0x00000020   Code   RO         4913    i.OS_SchedNew       os_core.o
    0x0800392c   0x0800392c   0x00000104   Code   RO         4915    i.OS_TCBInit        os_core.o
    0x08003a30   0x08003a30   0x0000001c   Code   RO         4916    i.OS_TaskIdle       os_core.o
    0x08003a4c   0x08003a4c   0x00000018   Code   RO         5482    i.OS_TaskReturn     os_task.o
    0x08003a64   0x08003a64   0x0000008c   Code   RO         4917    i.OS_TaskStat       os_core.o
    0x08003af0   0x08003af0   0x00000038   Code   RO         4918    i.OS_TaskStatStkChk  os_core.o
    0x08003b28   0x08003b28   0x00000016   Code   RO         5483    i.OS_TaskStkClr     os_task.o
    0x08003b3e   0x08003b3e   0x00000002   PAD
    0x08003b40   0x08003b40   0x00000070   Code   RO          720    i.PortationDisplay  led.o
    0x08003bb0   0x08003bb0   0x00000154   Code   RO           13    i.ProcessCommand    main.o
    0x08003d04   0x08003d04   0x00000024   Code   RO         1988    i.RCC_Delay         stm32f1xx_hal_rcc.o
    0x08003d28   0x08003d28   0x00000002   Code   RO          529    i.SVC_Handler       stm32f1xx_it.o
    0x08003d2a   0x08003d2a   0x00000002   PAD
    0x08003d2c   0x08003d2c   0x00000024   Code   RO          721    i.SetLed            led.o
    0x08003d50   0x08003d50   0x0000001c   Code   RO         1139    i.SysTick_Handler   delay.o
    0x08003d6c   0x08003d6c   0x0000010c   Code   RO           14    i.SystemHardwareInit  main.o
    0x08003e78   0x08003e78   0x00000002   Code   RO          323    i.SystemInit        system_stm32f1xx.o
    0x08003e7a   0x08003e7a   0x00000002   PAD
    0x08003e7c   0x08003e7c   0x0000003c   Code   RO         1019    i.TILT_Init         tilt.o
    0x08003eb8   0x08003eb8   0x0000000c   Code   RO         1052    i.TIM2_IRQHandler   tim2.o
    0x08003ec4   0x08003ec4   0x0000007c   Code   RO         1087    i.TIM3_IRQHandler   tim3.o
    0x08003f40   0x08003f40   0x00000090   Code   RO         3070    i.TIM_Base_SetConfig  stm32f1xx_hal_tim.o
    0x08003fd0   0x08003fd0   0x0000008c   Code   RO           15    i.TaskAdc           main.o
    0x0800405c   0x0800405c   0x00000028   Code   RO           16    i.TaskBeep          main.o
    0x08004084   0x08004084   0x0000023c   Code   RO           17    i.TaskDisplay       main.o
    0x080042c0   0x080042c0   0x000000c4   Code   RO           18    i.TaskKey           main.o
    0x08004384   0x08004384   0x0000008c   Code   RO           19    i.TaskStart         main.o
    0x08004410   0x08004410   0x00000048   Code   RO           20    i.TaskUart          main.o
    0x08004458   0x08004458   0x000000f4   Code   RO          774    i.TemperatureAndLightAdcInit  adc.o
    0x0800454c   0x0800454c   0x00000010   Code   RO         2155    i.UART_DMAAbortOnError  stm32f1xx_hal_uart.o
    0x0800455c   0x0800455c   0x0000001c   Code   RO         2165    i.UART_EndRxTransfer  stm32f1xx_hal_uart.o
    0x08004578   0x08004578   0x0000001a   Code   RO         2166    i.UART_EndTransmit_IT  stm32f1xx_hal_uart.o
    0x08004592   0x08004592   0x00000092   Code   RO         2168    i.UART_Receive_IT   stm32f1xx_hal_uart.o
    0x08004624   0x08004624   0x000000b8   Code   RO         2169    i.UART_SetConfig    stm32f1xx_hal_uart.o
    0x080046dc   0x080046dc   0x0000005e   Code   RO         2170    i.UART_Transmit_IT  stm32f1xx_hal_uart.o
    0x0800473a   0x0800473a   0x00000002   PAD
    0x0800473c   0x0800473c   0x00000018   Code   RO         1281    i.USART1_IRQHandler  usart.o
    0x08004754   0x08004754   0x00000002   Code   RO          530    i.UsageFault_Handler  stm32f1xx_it.o
    0x08004756   0x08004756   0x00000028   Code   RO         5906    i.__ARM_fpclassify  m_ws.l(fpclassify.o)
    0x0800477e   0x0800477e   0x00000020   Code   RO         1550    i.__NVIC_SetPriority  stm32f1xx_hal_cortex.o
    0x0800479e   0x0800479e   0x000000aa   Code   RO         5834    i.__kernel_poly     m_ws.l(poly.o)
    0x08004848   0x08004848   0x00000010   Code   RO         5820    i.__mathlib_dbl_divzero  m_ws.l(dunder.o)
    0x08004858   0x08004858   0x00000006   Code   RO         5821    i.__mathlib_dbl_infnan  m_ws.l(dunder.o)
    0x0800485e   0x0800485e   0x0000000c   Code   RO         5823    i.__mathlib_dbl_invalid  m_ws.l(dunder.o)
    0x0800486a   0x0800486a   0x0000000e   Code   RO         5718    i._is_digit         c_w.l(__printf_wp.o)
    0x08004878   0x08004878   0x00000002   Code   RO         1283    i._sys_exit         usart.o
    0x0800487a   0x0800487a   0x00000002   PAD
    0x0800487c   0x0800487c   0x00000048   Code   RO          861    i.beep_double       beep.o
    0x080048c4   0x080048c4   0x00000058   Code   RO          862    i.beep_init         beep.o
    0x0800491c   0x0800491c   0x0000007c   Code   RO          868    i.beep_play_note    beep.o
    0x08004998   0x08004998   0x00000034   Code   RO          869    i.beep_play_scale   beep.o
    0x080049cc   0x080049cc   0x0000002c   Code   RO         1140    i.delay_init        delay.o
    0x080049f8   0x080049f8   0x00000048   Code   RO         1141    i.delay_ms          delay.o
    0x08004a40   0x08004a40   0x00000004   Code   RO         1142    i.delay_osschedlock  delay.o
    0x08004a44   0x08004a44   0x00000004   Code   RO         1143    i.delay_osschedunlock  delay.o
    0x08004a48   0x08004a48   0x00000004   Code   RO         1144    i.delay_ostimedly   delay.o
    0x08004a4c   0x08004a4c   0x00000044   Code   RO         1145    i.delay_us          delay.o
    0x08004a90   0x08004a90   0x00000018   Code   RO         1285    i.fputc             usart.o
    0x08004aa8   0x08004aa8   0x00000050   Code   RO         1088    i.gtim_timx_int_init  tim3.o
    0x08004af8   0x08004af8   0x000000bc   Code   RO          986    i.key_scan          key.o
    0x08004bb4   0x08004bb4   0x0000035c   Code   RO         5786    i.log               m_ws.l(log.o)
    0x08004f10   0x08004f10   0x00000028   Code   RO           21    i.main              main.o
    0x08004f38   0x08004f38   0x00000024   Code   RO         1210    i.sys_soft_reset    sys.o
    0x08004f5c   0x08004f5c   0x00000056   Code   RO         1212    i.sys_stm32_clock_init  sys.o
    0x08004fb2   0x08004fb2   0x00000002   PAD
    0x08004fb4   0x08004fb4   0x0000005c   Code   RO         1053    i.tim2_int_init     tim2.o
    0x08005010   0x08005010   0x00000038   Code   RO         1286    i.usart_init        usart.o
    0x08005048   0x08005048   0x0000002c   Code   RO         5898    locale$$code        c_w.l(lc_numeric_c.o)
    0x08005074   0x08005074   0x00000062   Code   RO         5737    x$fpl$d2f           fz_ws.l(d2f.o)
    0x080050d6   0x080050d6   0x00000002   PAD
    0x080050d8   0x080050d8   0x00000150   Code   RO         5739    x$fpl$dadd          fz_ws.l(daddsub_clz.o)
    0x08005228   0x08005228   0x00000010   Code   RO         5807    x$fpl$dcheck1       fz_ws.l(dcheck1.o)
    0x08005238   0x08005238   0x00000018   Code   RO         5900    x$fpl$dcmpinf       fz_ws.l(dcmpi.o)
    0x08005250   0x08005250   0x000002b0   Code   RO         5746    x$fpl$ddiv          fz_ws.l(ddiv.o)
    0x08005500   0x08005500   0x00000078   Code   RO         5809    x$fpl$deqf          fz_ws.l(deqf.o)
    0x08005578   0x08005578   0x0000002e   Code   RO         5750    x$fpl$dflt          fz_ws.l(dflt_clz.o)
    0x080055a6   0x080055a6   0x00000026   Code   RO         5749    x$fpl$dfltu         fz_ws.l(dflt_clz.o)
    0x080055cc   0x080055cc   0x00000154   Code   RO         5755    x$fpl$dmul          fz_ws.l(dmul.o)
    0x08005720   0x08005720   0x0000009c   Code   RO         5811    x$fpl$dnaninf       fz_ws.l(dnaninf.o)
    0x080057bc   0x080057bc   0x0000000c   Code   RO         5813    x$fpl$dretinf       fz_ws.l(dretinf.o)
    0x080057c8   0x080057c8   0x00000016   Code   RO         5740    x$fpl$drsb          fz_ws.l(daddsub_clz.o)
    0x080057de   0x080057de   0x00000002   PAD
    0x080057e0   0x080057e0   0x000001d4   Code   RO         5741    x$fpl$dsub          fz_ws.l(daddsub_clz.o)
    0x080059b4   0x080059b4   0x00000056   Code   RO         5757    x$fpl$f2d           fz_ws.l(f2d.o)
    0x08005a0a   0x08005a0a   0x00000002   PAD
    0x08005a0c   0x08005a0c   0x000000c4   Code   RO         5759    x$fpl$fadd          fz_ws.l(faddsub_clz.o)
    0x08005ad0   0x08005ad0   0x00000184   Code   RO         5766    x$fpl$fdiv          fz_ws.l(fdiv.o)
    0x08005c54   0x08005c54   0x0000003e   Code   RO         5769    x$fpl$ffixu         fz_ws.l(ffixu.o)
    0x08005c92   0x08005c92   0x00000002   PAD
    0x08005c94   0x08005c94   0x00000026   Code   RO         5773    x$fpl$ffltu         fz_ws.l(fflt_clz.o)
    0x08005cba   0x08005cba   0x00000002   PAD
    0x08005cbc   0x08005cbc   0x00000102   Code   RO         5779    x$fpl$fmul          fz_ws.l(fmul.o)
    0x08005dbe   0x08005dbe   0x0000008c   Code   RO         5815    x$fpl$fnaninf       fz_ws.l(fnaninf.o)
    0x08005e4a   0x08005e4a   0x0000000a   Code   RO         5817    x$fpl$fretinf       fz_ws.l(fretinf.o)
    0x08005e54   0x08005e54   0x00000014   Code   RO         5760    x$fpl$frsb          fz_ws.l(faddsub_clz.o)
    0x08005e68   0x08005e68   0x000000ea   Code   RO         5761    x$fpl$fsub          fz_ws.l(faddsub_clz.o)
    0x08005f52   0x08005f52   0x00000004   Code   RO         5781    x$fpl$printf1       fz_ws.l(printf1.o)
    0x08005f56   0x08005f56   0x00000064   Code   RO         5904    x$fpl$retnan        fz_ws.l(retnan.o)
    0x08005fba   0x08005fba   0x0000005c   Code   RO         5783    x$fpl$scalbn        fz_ws.l(scalbn.o)
    0x08006016   0x08006016   0x00000030   Code   RO         5970    x$fpl$trapveneer    fz_ws.l(trapv.o)
    0x08006046   0x08006046   0x00000000   Code   RO         5819    x$fpl$usenofp       fz_ws.l(usenofp.o)
    0x08006046   0x08006046   0x00000010   Data   RO          324    .constdata          system_stm32f1xx.o
    0x08006056   0x08006056   0x00000008   Data   RO          325    .constdata          system_stm32f1xx.o
    0x0800605e   0x0800605e   0x00000002   PAD
    0x08006060   0x08006060   0x0000001e   Data   RO          871    .constdata          beep.o
    0x0800607e   0x0800607e   0x00000100   Data   RO         4926    .constdata          os_core.o
    0x0800617e   0x0800617e   0x00000002   PAD
    0x08006180   0x08006180   0x00000038   Data   RO         5787    .constdata          m_ws.l(log.o)
    0x080061b8   0x080061b8   0x00000008   Data   RO         5836    .constdata          m_ws.l(qnan.o)
    0x080061c0   0x080061c0   0x00000094   Data   RO         5869    .constdata          c_w.l(bigflt0.o)
    0x08006254   0x08006254   0x00000045   Data   RO           23    .conststring        main.o
    0x08006299   0x08006299   0x00000003   PAD
    0x0800629c   0x0800629c   0x00000020   Data   RO         6042    Region$$Table       anon$$obj.o
    0x080062bc   0x080062bc   0x0000001c   Data   RO         5897    locale$$data        c_w.l(lc_numeric_c.o)


    Execution Region RW_IRAM1 (Exec base: 0x20000000, Load base: 0x080062d8, Size: 0x00002c60, Max: 0x00005000, ABSOLUTE)

    Exec Addr    Load Addr    Size         Type   Attr      Idx    E Section Name        Object

    0x20000000   0x080062d8   0x0000000c   Data   RW           24    .data               main.o
    0x2000000c   0x080062e4   0x00000004   Data   RW          326    .data               system_stm32f1xx.o
    0x20000010   0x080062e8   0x0000000b   Data   RW          722    .data               led.o
    0x2000001b   0x080062f3   0x00000001   Data   RW          987    .data               key.o
    0x2000001c   0x080062f4   0x00000009   Data   RW         1090    .data               tim3.o
    0x20000025   0x080062fd   0x00000003   PAD
    0x20000028   0x08006300   0x00000008   Data   RW         1146    .data               delay.o
    0x20000030   0x08006308   0x00000004   Data   RW         1288    .data               usart.o
    0x20000034   0x0800630c   0x00000004   Data   RW         1289    .data               usart.o
    0x20000038   0x08006310   0x0000000c   Data   RW         1382    .data               stm32f1xx_hal.o
    0x20000044   0x0800631c   0x0000000c   Data   RW         4799    .data               os_cpu_c.o
    0x20000050   0x08006328   0x0000003c   Data   RW         4927    .data               os_core.o
    0x2000008c   0x08006364   0x00000004   Data   RW         4928    .data               os_core.o
    0x20000090   0x08006368   0x00000004   Data   RW         4929    .data               os_core.o
    0x20000094   0x0800636c   0x00000004   Data   RW         4930    .data               os_core.o
    0x20000098   0x08006370   0x00000002   Data   RW         4931    .data               os_core.o
    0x2000009a   0x08006372   0x00000002   Data   RW         4932    .data               os_core.o
    0x2000009c   0x08006374   0x00000004   Data   RW         4933    .data               os_core.o
    0x200000a0   0x08006378   0x00000004   Data   RW         4934    .data               os_core.o
    0x200000a4   0x0800637c   0x00000004   Data   RW         4935    .data               os_core.o
    0x200000a8   0x08006380   0x00000004   Data   RW         4936    .data               os_core.o
    0x200000ac        -       0x00000c00   Zero   RW           22    .bss                main.o
    0x20000cac        -       0x00000048   Zero   RW         1054    .bss                tim2.o
    0x20000cf4        -       0x00000048   Zero   RW         1089    .bss                tim3.o
    0x20000d3c        -       0x00000108   Zero   RW         1287    .bss                usart.o
    0x20000e44        -       0x00000400   Zero   RW         4798    .bss                os_cpu_c.o
    0x20001244        -       0x00000dd8   Zero   RW         4919    .bss                os_core.o
    0x2000201c        -       0x00000050   Zero   RW         4920    .bss                os_core.o
    0x2000206c        -       0x00000078   Zero   RW         4921    .bss                os_core.o
    0x200020e4        -       0x00000060   Zero   RW         4922    .bss                os_core.o
    0x20002144        -       0x00000280   Zero   RW         4923    .bss                os_core.o
    0x200023c4        -       0x00000200   Zero   RW         4924    .bss                os_core.o
    0x200025c4        -       0x00000038   Zero   RW         4925    .bss                os_core.o
    0x200025fc        -       0x00000060   Zero   RW         5909    .bss                c_w.l(libspace.o)
    0x2000265c   0x08006384   0x00000004   PAD
    0x20002660        -       0x00000200   Zero   RW            2    HEAP                startup_stm32f103xe.o
    0x20002860        -       0x00000400   Zero   RW            1    STACK               startup_stm32f103xe.o


==============================================================================

Image component sizes


      Code (inc. data)   RO Data    RW Data    ZI Data      Debug   Object Name

       936        104          0          0          0       4807   adc.o
        16          0          0          0          0      14532   app_hooks.o
       360         42         30          0          0       3664   beep.o
       224         30          0          8          0       4261   delay.o
        16          6          0          0          0        480   iwdg.o
       248         18          0          1          0       1722   key.o
       332         38          0         11          0       3133   led.o
      1808        692         69         12       3072     501149   main.o
      1936        206        256         92       5048      27994   os_core.o
       276         32          0          0          0        476   os_cpu_a.o
       258         26          0         12       1024      17793   os_cpu_c.o
         2          0          0          0          0        558   os_dbg.o
       106         12          0          0          0       1474   os_flag.o
        80         14          0          0          0        661   os_mem.o
        72         10          0          0          0        723   os_q.o
       378         28          0          0          0       2914   os_sem.o
      1142        112          0          0          0       8000   os_task.o
       220         30          0          0          0       1636   os_time.o
       612        134          0          0          0       4631   os_tmr.o
        64         26        304          0       1536        964   startup_stm32f103xe.o
       134         24          0         12          0       6643   stm32f1xx_hal.o
       198         14          0          0          0      29263   stm32f1xx_hal_cortex.o
       336          8          0          0          0       1275   stm32f1xx_hal_dma.o
       576         40          0          0          0       4268   stm32f1xx_hal_gpio.o
      1468        106          0          0          0       6928   stm32f1xx_hal_rcc.o
       762         42          0          0          0       7229   stm32f1xx_hal_tim.o
         4          0          0          0          0       1621   stm32f1xx_hal_tim_ex.o
       960         10          0          0          0       8339   stm32f1xx_hal_uart.o
        14          0          0          0          0       3351   stm32f1xx_it.o
       122         10          0          0          0      26687   sys.o
         2          0         24          4          0     481359   system_stm32f1xx.o
        60         10          0          0          0       1016   tilt.o
       104         16          0          0         72       1854   tim2.o
       204         22          0          9         72       2345   tim3.o
       354         48          0          8        264       5949   usart.o

    ----------------------------------------------------------------------
     14414       1910        722        172      11088    1189699   Object Totals
         0          0         32          0          0          0   (incl. Generated)
        30          0          7          3          0          0   (incl. Padding)

    ----------------------------------------------------------------------

      Code (inc. data)   RO Data    RW Data    ZI Data      Debug   Library Member Name

         8          0          0          0          0         68   __main.o
       284          0          0          0          0        156   __printf_wp.o
         0          0          0          0          0          0   __rtentry.o
        12          0          0          0          0          0   __rtentry2.o
         6          0          0          0          0          0   __rtentry4.o
        52          8          0          0          0          0   __scatter.o
        26          0          0          0          0          0   __scatter_copy.o
        28          0          0          0          0          0   __scatter_zi.o
        48          6          0          0          0         96   _printf_char_common.o
        36          4          0          0          0         80   _printf_char_file.o
         6          0          0          0          0          0   _printf_d.o
       120         16          0          0          0         92   _printf_dec.o
         6          0          0          0          0          0   _printf_f.o
      1054          0          0          0          0        216   _printf_fp_dec.o
       128         16          0          0          0         84   _printf_fp_infnan.o
       178          0          0          0          0         88   _printf_intcommon.o
         0          0          0          0          0          0   _printf_percent.o
         4          0          0          0          0          0   _printf_percent_end.o
        22          0          0          0          0        100   _rserrno.o
       228          4        148          0          0         96   bigflt0.o
      1936        128          0          0          0        672   btod.o
        18          0          0          0          0         80   exit.o
         8          0          0          0          0         68   ferror.o
         6          0          0          0          0        152   heapauxi.o
        44         10         28          0          0         76   lc_numeric_c.o
         2          0          0          0          0          0   libinit.o
        18          0          0          0          0          0   libinit2.o
         2          0          0          0          0          0   libshutdown.o
         2          0          0          0          0          0   libshutdown2.o
         8          4          0          0         96         68   libspace.o
       138          0          0          0          0         80   lludiv10.o
        24          4          0          0          0         84   noretval__2printf.o
         8          4          0          0          0         68   rt_errno_addr_intlibspace.o
         8          4          0          0          0         68   rt_locale_intlibspace.o
        78          0          0          0          0         80   rt_memclr_w.o
         2          0          0          0          0          0   rtexit.o
        10          0          0          0          0          0   rtexit2.o
       128          0          0          0          0         68   strcmpv7m.o
        74          0          0          0          0         80   sys_stackheap_outer.o
         2          0          0          0          0         68   use_no_semi.o
         2          0          0          0          0         68   use_no_semi_2.o
        98          4          0          0          0         92   d2f.o
       826         16          0          0          0        348   daddsub_clz.o
        16          4          0          0          0         68   dcheck1.o
        24          0          0          0          0         68   dcmpi.o
       688        140          0          0          0        208   ddiv.o
       120          4          0          0          0         92   deqf.o
        84          0          0          0          0        136   dflt_clz.o
       340         12          0          0          0        104   dmul.o
       156          4          0          0          0         92   dnaninf.o
        12          0          0          0          0         68   dretinf.o
        86          4          0          0          0         84   f2d.o
       450          8          0          0          0        236   faddsub_clz.o
       388         76          0          0          0         96   fdiv.o
        62          4          0          0          0         84   ffixu.o
        38          0          0          0          0         68   fflt_clz.o
       258          4          0          0          0         84   fmul.o
       140          4          0          0          0         84   fnaninf.o
        10          0          0          0          0         68   fretinf.o
         4          0          0          0          0         68   printf1.o
       100          0          0          0          0         68   retnan.o
        92          0          0          0          0         68   scalbn.o
        48          0          0          0          0         68   trapv.o
         0          0          0          0          0          0   usenofp.o
        34          4          0          0          0        204   dunder.o
        40          0          0          0          0         68   fpclassify.o
       860         52         56          0          0        256   log.o
       170          0          0          0          0         96   poly.o
         0          0          8          0          0          0   qnan.o

    ----------------------------------------------------------------------
      9928        548        240          0        100       5832   Library Totals
        20          0          0          0          4          0   (incl. Padding)

    ----------------------------------------------------------------------

      Code (inc. data)   RO Data    RW Data    ZI Data      Debug   Library Name

      4764        208        176          0         96       2856   c_w.l
      4040        284          0          0          0       2352   fz_ws.l
      1104         56         64          0          0        624   m_ws.l

    ----------------------------------------------------------------------
      9928        548        240          0        100       5832   Library Totals

    ----------------------------------------------------------------------

==============================================================================


      Code (inc. data)   RO Data    RW Data    ZI Data      Debug   

     24342       2458        962        172      11188    1183567   Grand Totals
     24342       2458        962        172      11188    1183567   ELF Image Totals
     24342       2458        962        172          0          0   ROM Totals

==============================================================================

    Total RO  Size (Code + RO Data)                25304 (  24.71kB)
    Total RW  Size (RW Data + ZI Data)             11360 (  11.09kB)
    Total ROM Size (Code + RO Data + RW Data)      25476 (  24.88kB)

==============================================================================

